Archive member included to satisfy reference by file (symbol)

C:/ST/STM32CubeIDE_1.15.1/STM32CubeIDE/plugins/com.st.stm32cube.ide.mcu.externaltools.gnu-tools-for-stm32.12.3.rel1.win32_1.0.100.202403111256/tools/bin/../lib/gcc/arm-none-eabi/12.3.1/../../../../arm-none-eabi/lib/thumb/v7e-m+fp/hard\libc_nano.a(libc_a-atoi.o)
                              ./Core/CMDLine/command.o (atoi)
C:/ST/STM32CubeIDE_1.15.1/STM32CubeIDE/plugins/com.st.stm32cube.ide.mcu.externaltools.gnu-tools-for-stm32.12.3.rel1.win32_1.0.100.202403111256/tools/bin/../lib/gcc/arm-none-eabi/12.3.1/../../../../arm-none-eabi/lib/thumb/v7e-m+fp/hard\libc_nano.a(libc_a-exit.o)
                              C:/ST/STM32CubeIDE_1.15.1/STM32CubeIDE/plugins/com.st.stm32cube.ide.mcu.externaltools.gnu-tools-for-stm32.12.3.rel1.win32_1.0.100.202403111256/tools/bin/../lib/gcc/arm-none-eabi/12.3.1/../../../../arm-none-eabi/lib/thumb/v7e-m+fp/hard/crt0.o (exit)
C:/ST/STM32CubeIDE_1.15.1/STM32CubeIDE/plugins/com.st.stm32cube.ide.mcu.externaltools.gnu-tools-for-stm32.12.3.rel1.win32_1.0.100.202403111256/tools/bin/../lib/gcc/arm-none-eabi/12.3.1/../../../../arm-none-eabi/lib/thumb/v7e-m+fp/hard\libc_nano.a(libc_a-strtol.o)
                              C:/ST/STM32CubeIDE_1.15.1/STM32CubeIDE/plugins/com.st.stm32cube.ide.mcu.externaltools.gnu-tools-for-stm32.12.3.rel1.win32_1.0.100.202403111256/tools/bin/../lib/gcc/arm-none-eabi/12.3.1/../../../../arm-none-eabi/lib/thumb/v7e-m+fp/hard\libc_nano.a(libc_a-atoi.o) (_strtol_r)
C:/ST/STM32CubeIDE_1.15.1/STM32CubeIDE/plugins/com.st.stm32cube.ide.mcu.externaltools.gnu-tools-for-stm32.12.3.rel1.win32_1.0.100.202403111256/tools/bin/../lib/gcc/arm-none-eabi/12.3.1/../../../../arm-none-eabi/lib/thumb/v7e-m+fp/hard\libc_nano.a(libc_a-ctype_.o)
                              C:/ST/STM32CubeIDE_1.15.1/STM32CubeIDE/plugins/com.st.stm32cube.ide.mcu.externaltools.gnu-tools-for-stm32.12.3.rel1.win32_1.0.100.202403111256/tools/bin/../lib/gcc/arm-none-eabi/12.3.1/../../../../arm-none-eabi/lib/thumb/v7e-m+fp/hard\libc_nano.a(libc_a-strtol.o) (_ctype_)
C:/ST/STM32CubeIDE_1.15.1/STM32CubeIDE/plugins/com.st.stm32cube.ide.mcu.externaltools.gnu-tools-for-stm32.12.3.rel1.win32_1.0.100.202403111256/tools/bin/../lib/gcc/arm-none-eabi/12.3.1/../../../../arm-none-eabi/lib/thumb/v7e-m+fp/hard\libc_nano.a(libc_a-findfp.o)
                              C:/ST/STM32CubeIDE_1.15.1/STM32CubeIDE/plugins/com.st.stm32cube.ide.mcu.externaltools.gnu-tools-for-stm32.12.3.rel1.win32_1.0.100.202403111256/tools/bin/../lib/gcc/arm-none-eabi/12.3.1/../../../../arm-none-eabi/lib/thumb/v7e-m+fp/hard\libc_nano.a(libc_a-exit.o) (__stdio_exit_handler)
C:/ST/STM32CubeIDE_1.15.1/STM32CubeIDE/plugins/com.st.stm32cube.ide.mcu.externaltools.gnu-tools-for-stm32.12.3.rel1.win32_1.0.100.202403111256/tools/bin/../lib/gcc/arm-none-eabi/12.3.1/../../../../arm-none-eabi/lib/thumb/v7e-m+fp/hard\libc_nano.a(libc_a-fwalk.o)
                              C:/ST/STM32CubeIDE_1.15.1/STM32CubeIDE/plugins/com.st.stm32cube.ide.mcu.externaltools.gnu-tools-for-stm32.12.3.rel1.win32_1.0.100.202403111256/tools/bin/../lib/gcc/arm-none-eabi/12.3.1/../../../../arm-none-eabi/lib/thumb/v7e-m+fp/hard\libc_nano.a(libc_a-findfp.o) (_fwalk_sglue)
C:/ST/STM32CubeIDE_1.15.1/STM32CubeIDE/plugins/com.st.stm32cube.ide.mcu.externaltools.gnu-tools-for-stm32.12.3.rel1.win32_1.0.100.202403111256/tools/bin/../lib/gcc/arm-none-eabi/12.3.1/../../../../arm-none-eabi/lib/thumb/v7e-m+fp/hard\libc_nano.a(libc_a-stdio.o)
                              C:/ST/STM32CubeIDE_1.15.1/STM32CubeIDE/plugins/com.st.stm32cube.ide.mcu.externaltools.gnu-tools-for-stm32.12.3.rel1.win32_1.0.100.202403111256/tools/bin/../lib/gcc/arm-none-eabi/12.3.1/../../../../arm-none-eabi/lib/thumb/v7e-m+fp/hard\libc_nano.a(libc_a-findfp.o) (__sread)
C:/ST/STM32CubeIDE_1.15.1/STM32CubeIDE/plugins/com.st.stm32cube.ide.mcu.externaltools.gnu-tools-for-stm32.12.3.rel1.win32_1.0.100.202403111256/tools/bin/../lib/gcc/arm-none-eabi/12.3.1/../../../../arm-none-eabi/lib/thumb/v7e-m+fp/hard\libc_nano.a(libc_a-memset.o)
                              C:/ST/STM32CubeIDE_1.15.1/STM32CubeIDE/plugins/com.st.stm32cube.ide.mcu.externaltools.gnu-tools-for-stm32.12.3.rel1.win32_1.0.100.202403111256/tools/bin/../lib/gcc/arm-none-eabi/12.3.1/../../../../arm-none-eabi/lib/thumb/v7e-m+fp/hard/crt0.o (memset)
C:/ST/STM32CubeIDE_1.15.1/STM32CubeIDE/plugins/com.st.stm32cube.ide.mcu.externaltools.gnu-tools-for-stm32.12.3.rel1.win32_1.0.100.202403111256/tools/bin/../lib/gcc/arm-none-eabi/12.3.1/../../../../arm-none-eabi/lib/thumb/v7e-m+fp/hard\libc_nano.a(libc_a-closer.o)
                              C:/ST/STM32CubeIDE_1.15.1/STM32CubeIDE/plugins/com.st.stm32cube.ide.mcu.externaltools.gnu-tools-for-stm32.12.3.rel1.win32_1.0.100.202403111256/tools/bin/../lib/gcc/arm-none-eabi/12.3.1/../../../../arm-none-eabi/lib/thumb/v7e-m+fp/hard\libc_nano.a(libc_a-stdio.o) (_close_r)
[...]
Memory Configuration

Name             Origin             Length             Attributes
CCMRAM           0x10000000         0x00010000         xrw
RAM              0x20000000         0x00020000         xrw
FLASH            0x08000000         0x00100000         xr
*default*        0x00000000         0xffffffff

Linker script and memory map

LOAD C:/ST/STM32CubeIDE_1.15.1/STM32CubeIDE/plugins/com.st.stm32cube.ide.mcu.externaltools.gnu-tools-for-stm32.12.3.rel1.win32_1.0.100.202403111256/tools/bin/../lib/gcc/arm-none-eabi/12.3.1/thumb/v7e-m+fp/hard/crti.o
LOAD C:/ST/STM32CubeIDE_1.15.1/STM32CubeIDE/plugins/com.st.stm32cube.ide.mcu.externaltools.gnu-tools-for-stm32.12.3.rel1.win32_1.0.100.202403111256/tools/bin/../lib/gcc/arm-none-eabi/12.3.1/thumb/v7e-m+fp/hard/crtbegin.o
LOAD C:/ST/STM32CubeIDE_1.15.1/STM32CubeIDE/plugins/com.st.stm32cube.ide.mcu.externaltools.gnu-tools-for-stm32.12.3.rel1.win32_1.0.100.202403111256/tools/bin/../lib/gcc/arm-none-eabi/12.3.1/../../../../arm-none-eabi/lib/thumb/v7e-m+fp/hard/crt0.o
LOAD ./BSP/Delay/delay.o
LOAD ./BSP/I2C/i2c.o
LOAD ./BSP/SysTick/systick.o
LOAD ./BSP/UART/uart.o
LOAD ./Core/CMDLine/cmdline.o
LOAD ./Core/CMDLine/command.o
LOAD ./Core/COPC/copc.o
LOAD ./Core/Devices/BMP390/bmp390.o
LOAD ./Core/Devices/Heater/heater.o
LOAD ./Core/Devices/LT8722/lt8722.o
LOAD ./Core/Devices/NTC/ntc.o
LOAD ./Core/LED/status_led.o
LOAD ./Core/Src/main.o
LOAD ./Core/Src/stm32f4xx_it.o
LOAD ./Core/Src/syscalls.o
LOAD ./Core/Src/sysmem.o
LOAD ./Core/Src/system_stm32f4xx.o
LOAD ./Core/Startup/startup_stm32f407vgtx.o
LOAD ./Core/Temperature/temperature.o
LOAD ./Core/WDog/watchdog.o
LOAD ./Drivers/STM32F4xx_HAL_Driver/Src/stm32f4xx_ll_adc.o
LOAD ./Drivers/STM32F4xx_HAL_Driver/Src/stm32f4xx_ll_dma.o
LOAD ./Drivers/STM32F4xx_HAL_Driver/Src/stm32f4xx_ll_exti.o
LOAD ./Drivers/STM32F4xx_HAL_Driver/Src/stm32f4xx_ll_gpio.o
LOAD ./Drivers/STM32F4xx_HAL_Driver/Src/stm32f4xx_ll_i2c.o
LOAD ./Drivers/STM32F4xx_HAL_Driver/Src/stm32f4xx_ll_rcc.o
LOAD ./Drivers/STM32F4xx_HAL_Driver/Src/stm32f4xx_ll_spi.o
LOAD ./Drivers/STM32F4xx_HAL_Driver/Src/stm32f4xx_ll_tim.o
LOAD ./Drivers/STM32F4xx_HAL_Driver/Src/stm32f4xx_ll_usart.o
LOAD ./Drivers/STM32F4xx_HAL_Driver/Src/stm32f4xx_ll_utils.o
LOAD ./Scheduler/scheduler.o
LOAD ./ThirdParty/libfsp/crc16.o
LOAD ./ThirdParty/libfsp/fsp.o
START GROUP
LOAD C:/ST/STM32CubeIDE_1.15.1/STM32CubeIDE/plugins/com.st.stm32cube.ide.mcu.externaltools.gnu-tools-for-stm32.12.3.rel1.win32_1.0.100.202403111256/tools/bin/../lib/gcc/arm-none-eabi/12.3.1/../../../../arm-none-eabi/lib/thumb/v7e-m+fp/hard\libc_nano.a
LOAD C:/ST/STM32CubeIDE_1.15.1/STM32CubeIDE/plugins/com.st.stm32cube.ide.mcu.externaltools.gnu-tools-for-stm32.12.3.rel1.win32_1.0.100.202403111256/tools/bin/../lib/gcc/arm-none-eabi/12.3.1/../../../../arm-none-eabi/lib/thumb/v7e-m+fp/hard\libm.a
END GROUP
START GROUP
LOAD C:/ST/STM32CubeIDE_1.15.1/STM32CubeIDE/plugins/com.st.stm32cube.ide.mcu.externaltools.gnu-tools-for-stm32.12.3.rel1.win32_1.0.100.202403111256/tools/bin/../lib/gcc/arm-none-eabi/12.3.1/thumb/v7e-m+fp/hard\libgcc.a
LOAD C:/ST/STM32CubeIDE_1.15.1/STM32CubeIDE/plugins/com.st.stm32cube.ide.mcu.externaltools.gnu-tools-for-stm32.12.3.rel1.win32_1.0.100.202403111256/tools/bin/../lib/gcc/arm-none-eabi/12.3.1/../../../../arm-none-eabi/lib/thumb/v7e-m+fp/hard\libc_nano.a
END GROUP
START GROUP
LOAD C:/ST/STM32CubeIDE_1.15.1/STM32CubeIDE/plugins/com.st.stm32cube.ide.mcu.externaltools.gnu-tools-for-stm32.12.3.rel1.win32_1.0.100.202403111256/tools/bin/../lib/gcc/arm-none-eabi/12.3.1/thumb/v7e-m+fp/hard\libgcc.a
LOAD C:/ST/STM32CubeIDE_1.15.1/STM32CubeIDE/plugins/com.st.stm32cube.ide.mcu.externaltools.gnu-tools-for-stm32.12.3.rel1.win32_1.0.100.202403111256/tools/bin/../lib/gcc/arm-none-eabi/12.3.1/../../../../arm-none-eabi/lib/thumb/v7e-m+fp/hard\libc_nano.a
LOAD C:/ST/STM32CubeIDE_1.15.1/STM32CubeIDE/plugins/com.st.stm32cube.ide.mcu.externaltools.gnu-tools-for-stm32.12.3.rel1.win32_1.0.100.202403111256/tools/bin/../lib/gcc/arm-none-eabi/12.3.1/../../../../arm-none-eabi/lib/thumb/v7e-m+fp/hard\libnosys.a
END GROUP
START GROUP
LOAD C:/ST/STM32CubeIDE_1.15.1/STM32CubeIDE/plugins/com.st.stm32cube.ide.mcu.externaltools.gnu-tools-for-stm32.12.3.rel1.win32_1.0.100.202403111256/tools/bin/../lib/gcc/arm-none-eabi/12.3.1/thumb/v7e-m+fp/hard\libgcc.a
LOAD C:/ST/STM32CubeIDE_1.15.1/STM32CubeIDE/plugins/com.st.stm32cube.ide.mcu.externaltools.gnu-tools-for-stm32.12.3.rel1.win32_1.0.100.202403111256/tools/bin/../lib/gcc/arm-none-eabi/12.3.1/../../../../arm-none-eabi/lib/thumb/v7e-m+fp/hard\libc_nano.a
LOAD C:/ST/STM32CubeIDE_1.15.1/STM32CubeIDE/plugins/com.st.stm32cube.ide.mcu.externaltools.gnu-tools-for-stm32.12.3.rel1.win32_1.0.100.202403111256/tools/bin/../lib/gcc/arm-none-eabi/12.3.1/../../../../arm-none-eabi/lib/thumb/v7e-m+fp/hard\libnosys.a
END GROUP
LOAD C:/ST/STM32CubeIDE_1.15.1/STM32CubeIDE/plugins/com.st.stm32cube.ide.mcu.externaltools.gnu-tools-for-stm32.12.3.rel1.win32_1.0.100.202403111256/tools/bin/../lib/gcc/arm-none-eabi/12.3.1/thumb/v7e-m+fp/hard/crtend.o
LOAD C:/ST/STM32CubeIDE_1.15.1/STM32CubeIDE/plugins/com.st.stm32cube.ide.mcu.externaltools.gnu-tools-for-stm32.12.3.rel1.win32_1.0.100.202403111256/tools/bin/../lib/gcc/arm-none-eabi/12.3.1/thumb/v7e-m+fp/hard/crtn.o
                0x20020000                        _estack = (ORIGIN (RAM) + LENGTH (RAM))
                0x00000200                        _Min_Heap_Size = 0x200
                0x00000400                        _Min_Stack_Size = 0x400

.isr_vector     0x08000000      0x188
                0x08000000                        . = ALIGN (0x4)
 *(.isr_vector)
 .isr_vector    0x08000000      0x188 ./Core/Startup/startup_stm32f407vgtx.o
                0x08000000                g_pfnVectors
                0x08000188                        . = ALIGN (0x4)

.text           0x08000188     0x75bc
                0x08000188                        . = ALIGN (0x4)
 *(.text)
 .text          0x08000188       0x40 C:/ST/STM32CubeIDE_1.15.1/STM32CubeIDE/plugins/com.st.stm32cube.ide.mcu.externaltools.gnu-tools-for-stm32.12.3.rel1.win32_1.0.100.202403111256/tools/bin/../lib/gcc/arm-none-eabi/12.3.1/thumb/v7e-m+fp/hard/crtbegin.o
 .text          0x080001c8       0x14 C:/ST/STM32CubeIDE_1.15.1/STM32CubeIDE/plugins/com.st.stm32cube.ide.mcu.externaltools.gnu-tools-for-stm32.12.3.rel1.win32_1.0.100.202403111256/tools/bin/../lib/gcc/arm-none-eabi/12.3.1/../../../../arm-none-eabi/lib/thumb/v7e-m+fp/hard\libc_nano.a(libc_a-strcmp.o)
                0x080001c8                strcmp
 .text          0x080001dc       0x10 C:/ST/STM32CubeIDE_1.15.1/STM32CubeIDE/plugins/com.st.stm32cube.ide.mcu.externaltools.gnu-tools-for-stm32.12.3.rel1.win32_1.0.100.202403111256/tools/bin/../lib/gcc/arm-none-eabi/12.3.1/../../../../arm-none-eabi/lib/thumb/v7e-m+fp/hard\libc_nano.a(libc_a-strlen.o)
                0x080001dc                strlen
 .text          0x080001ec       0xa0 C:/ST/STM32CubeIDE_1.15.1/STM32CubeIDE/plugins/com.st.stm32cube.ide.mcu.externaltools.gnu-tools-for-stm32.12.3.rel1.win32_1.0.100.202403111256/tools/bin/../lib/gcc/arm-none-eabi/12.3.1/thumb/v7e-m+fp/hard\libgcc.a(_aeabi_ldivmod.o)
                0x080001ec                __aeabi_ldivmod
 .text          0x0800028c       0x30 C:/ST/STM32CubeIDE_1.15.1/STM32CubeIDE/plugins/com.st.stm32cube.ide.mcu.externaltools.gnu-tools-for-stm32.12.3.rel1.win32_1.0.100.202403111256/tools/bin/../lib/gcc/arm-none-eabi/12.3.1/thumb/v7e-m+fp/hard\libgcc.a(_aeabi_uldivmod.o)
                0x0800028c                __aeabi_uldivmod
 .text          0x080002bc      0x2bc C:/ST/STM32CubeIDE_1.15.1/STM32CubeIDE/plugins/com.st.stm32cube.ide.mcu.externaltools.gnu-tools-for-stm32.12.3.rel1.win32_1.0.100.202403111256/tools/bin/../lib/gcc/arm-none-eabi/12.3.1/thumb/v7e-m+fp/hard\libgcc.a(_udivmoddi4.o)
                0x080002bc                __udivmoddi4
 .text          0x08000578        0x4 C:/ST/STM32CubeIDE_1.15.1/STM32CubeIDE/plugins/com.st.stm32cube.ide.mcu.externaltools.gnu-tools-for-stm32.12.3.rel1.win32_1.0.100.202403111256/tools/bin/../lib/gcc/arm-none-eabi/12.3.1/thumb/v7e-m+fp/hard\libgcc.a(_dvmd_tls.o)
                0x08000578                __aeabi_idiv0
                0x08000578                __aeabi_ldiv0
 *(.text*)
 .text.LL_SYSTICK_IsActiveCounterFlag
                0x0800057c       0x28 ./BSP/Delay/delay.o
 .text.delay_us
                0x080005a4       0x48 ./BSP/Delay/delay.o
                0x080005a4                delay_us
 .text.__NVIC_SetPriority
                0x080005ec       0x54 ./BSP/SysTick/systick.o
 .text.SysTick_Config
                0x08000640       0x44 ./BSP/SysTick/systick.o
 .text.systick_timer_start
                0x08000684       0x20 ./BSP/SysTick/systick.o
                0x08000684                systick_timer_start
 .text.systick_timer_init
                0x080006a4       0x24 ./BSP/SysTick/systick.o
                0x080006a4                systick_timer_init
 .text.__NVIC_EnableIRQ
                0x080006c8       0x3c ./BSP/UART/uart.o
 .text.__NVIC_DisableIRQ
                0x08000704       0x48 ./BSP/UART/uart.o
 .text.LL_USART_EnableIT_RXNE
                0x0800074c       0x46 ./BSP/UART/uart.o
 .text.LL_USART_EnableIT_TXE
                0x08000792       0x46 ./BSP/UART/uart.o
 .text.LL_USART_DisableIT_TXE
                0x080007d8       0x46 ./BSP/UART/uart.o
 .text.LL_USART_IsEnabledIT_TXE
                0x0800081e       0x26 ./BSP/UART/uart.o
 .text.LL_USART_TransmitData8
                0x08000844       0x1e ./BSP/UART/uart.o
 .text.UART_Init
                0x08000862       0x94 ./BSP/UART/uart.o
                0x08000862                UART_Init
 .text.UART_Send_Char
                0x080008f6       0x20 ./BSP/UART/uart.o
                0x080008f6                UART_Send_Char
 .text.UART_Send_String
                0x08000916       0x26 ./BSP/UART/uart.o
                0x08000916                UART_Send_String
 .text.UART_Write
                0x0800093c       0xf6 ./BSP/UART/uart.o
                0x0800093c                UART_Write
 *fill*         0x08000a32        0x2 
 .text.UART_Printf
                0x08000a34      0x404 ./BSP/UART/uart.o
                0x08000a34                UART_Printf
 .text.UART_Get_Char
                0x08000e38       0x50 ./BSP/UART/uart.o
                0x08000e38                UART_Get_Char
 .text.UART_is_buffer_full
                0x08000e88       0x42 ./BSP/UART/uart.o
                0x08000e88                UART_is_buffer_full
 .text.UART_is_buffer_empty
                0x08000eca       0x30 ./BSP/UART/uart.o
                0x08000eca                UART_is_buffer_empty
 .text.UART_advance_buffer_index
                0x08000efa       0x38 ./BSP/UART/uart.o
                0x08000efa                UART_advance_buffer_index
 .text.UART_Prime_Transmit
                0x08000f32       0x6a ./BSP/UART/uart.o
                0x08000f32                UART_Prime_Transmit
 .text.CmdLineProcess
                0x08000f9c       0xc4 ./Core/CMDLine/cmdline.o
                0x08000f9c                CmdLineProcess
 .text.LL_USART_IsActiveFlag_RXNE
                0x08001060       0x26 ./Core/CMDLine/command.o
 .text.LL_USART_IsActiveFlag_TXE
                0x08001086       0x26 ./Core/CMDLine/command.o
 .text.LL_USART_DisableIT_TXE
                0x080010ac       0x46 ./Core/CMDLine/command.o
 .text.LL_USART_ReceiveData8
                0x080010f2       0x1a ./Core/CMDLine/command.o
 .text.LL_GPIO_SetOutputPin
                0x0800110c       0x1c ./Core/CMDLine/command.o
 .text.LL_GPIO_ResetOutputPin
                0x08001128       0x1e ./Core/CMDLine/command.o
 *fill*         0x08001146        0x2 
 .text.command_init
                0x08001148       0x7c ./Core/CMDLine/command.o
                0x08001148                command_init
 .text.command_task_update
                0x080011c4      0x16c ./Core/CMDLine/command.o
 .text.Cmd_help
                0x08001330       0x54 ./Core/CMDLine/command.o
                0x08001330                Cmd_help
 .text.Cmd_tec_pw_on
                0x08001384       0x54 ./Core/CMDLine/command.o
                0x08001384                Cmd_tec_pw_on
 .text.Cmd_led_pw_on
                0x080013d8       0x54 ./Core/CMDLine/command.o
                0x080013d8                Cmd_led_pw_on
 .text.Cmd_heater_pw_on
                0x0800142c       0x54 ./Core/CMDLine/command.o
                0x0800142c                Cmd_heater_pw_on
 .text.Cmd_set_temp
                0x08001480       0xd8 ./Core/CMDLine/command.o
                0x08001480                Cmd_set_temp
 .text.Cmd_get_temp
                0x08001558       0xa8 ./Core/CMDLine/command.o
                0x08001558                Cmd_get_temp
 .text.Cmd_get_temp_setpoint
                0x08001600       0x58 ./Core/CMDLine/command.o
                0x08001600                Cmd_get_temp_setpoint
 .text.Cmd_set_tec_vol
                0x08001658       0xe0 ./Core/CMDLine/command.o
                0x08001658                Cmd_set_tec_vol
 .text.Cmd_get_tec_vol
                0x08001738       0x80 ./Core/CMDLine/command.o
                0x08001738                Cmd_get_tec_vol
 .text.Cmd_set_heater_duty
                0x080017b8       0xd4 ./Core/CMDLine/command.o
                0x080017b8                Cmd_set_heater_duty
 .text.Cmd_get_heater_duty
                0x0800188c       0x88 ./Core/CMDLine/command.o
                0x0800188c                Cmd_get_heater_duty
 .text.Cmd_temp_ctrl
                0x08001914      0x12c ./Core/CMDLine/command.o
                0x08001914                Cmd_temp_ctrl
 .text.Cmd_temp_auto_ctrl
                0x08001a40       0x9c ./Core/CMDLine/command.o
                0x08001a40                Cmd_temp_auto_ctrl
 .text.Cmd_set_ir_duty
                0x08001adc       0x18 ./Core/CMDLine/command.o
                0x08001adc                Cmd_set_ir_duty
 .text.Cmd_get_ir_duty
                0x08001af4       0x18 ./Core/CMDLine/command.o
                0x08001af4                Cmd_get_ir_duty
 .text.Cmd_get_acceleration_gyroscope
                0x08001b0c       0x18 ./Core/CMDLine/command.o
                0x08001b0c                Cmd_get_acceleration_gyroscope
 .text.Cmd_get_pressure
                0x08001b24       0x18 ./Core/CMDLine/command.o
                0x08001b24                Cmd_get_pressure
 .text.Cmd_get_all
                0x08001b3c       0x24 ./Core/CMDLine/command.o
                0x08001b3c                Cmd_get_all
 .text.Cmd_reset
                0x08001b60       0x18 ./Core/CMDLine/command.o
                0x08001b60                Cmd_reset
 .text.Cmd_set_en_req
                0x08001b78       0x2c ./Core/CMDLine/command.o
                0x08001b78                Cmd_set_en_req
 .text.Cmd_reset_en_req
                0x08001ba4       0x1a ./Core/CMDLine/command.o
                0x08001ba4                Cmd_reset_en_req
 .text.Cmd_clear_status_reg
                0x08001bbe       0x1c ./Core/CMDLine/command.o
                0x08001bbe                Cmd_clear_status_reg
 *fill*         0x08001bda        0x2 
 .text.Cmd_read
                0x08001bdc      0x104 ./Core/CMDLine/command.o
                0x08001bdc                Cmd_read
 .text.Cmd_on_tec
                0x08001ce0       0x18 ./Core/CMDLine/command.o
                0x08001ce0                Cmd_on_tec
 .text.Cmd_tec_set_vol
                0x08001cf8       0xc8 ./Core/CMDLine/command.o
                0x08001cf8                Cmd_tec_set_vol
 .text.Cmd_get_status
                0x08001dc0       0x34 ./Core/CMDLine/command.o
                0x08001dc0                Cmd_get_status
 .text.Cmd_set_ov_clamp
                0x08001df4       0x40 ./Core/CMDLine/command.o
                0x08001df4                Cmd_set_ov_clamp
 .text.Cmd_set_uv_clamp
                0x08001e34       0x40 ./Core/CMDLine/command.o
                0x08001e34                Cmd_set_uv_clamp
 .text.command_create_task
                0x08001e74       0x18 ./Core/CMDLine/command.o
                0x08001e74                command_create_task
 .text.CONSOLE_UART_IRQHandler
                0x08001e8c       0xd4 ./Core/CMDLine/command.o
                0x08001e8c                CONSOLE_UART_IRQHandler
 .text.LL_USART_IsActiveFlag_RXNE
                0x08001f60       0x26 ./Core/COPC/copc.o
 .text.LL_USART_IsActiveFlag_TXE
                0x08001f86       0x26 ./Core/COPC/copc.o
 .text.LL_USART_DisableIT_TXE
                0x08001fac       0x46 ./Core/COPC/copc.o
 .text.LL_USART_ReceiveData8
                0x08001ff2       0x1a ./Core/COPC/copc.o
 .text.LL_GPIO_SetOutputPin
                0x0800200c       0x1c ./Core/COPC/copc.o
 .text.LL_GPIO_ResetOutputPin
                0x08002028       0x1e ./Core/COPC/copc.o
 *fill*         0x08002046        0x2 
 .text.copc_init
                0x08002048       0x3c ./Core/COPC/copc.o
                0x08002048                copc_init
 .text.copc_create_task
                0x08002084       0x18 ./Core/COPC/copc.o
                0x08002084                copc_create_task
 .text.copc_task_update
                0x0800209c      0x180 ./Core/COPC/copc.o
 .text.copc_process_command
                0x0800221c       0xdc ./Core/COPC/copc.o
                0x0800221c                copc_process_command
 .text.OK_Send  0x080022f8       0x60 ./Core/COPC/copc.o
                0x080022f8                OK_Send
 .text.copc_exp_tec_pw_on
                0x08002358       0x48 ./Core/COPC/copc.o
                0x08002358                copc_exp_tec_pw_on
 .text.copc_exp_led_pw_on
                0x080023a0       0x48 ./Core/COPC/copc.o
                0x080023a0                copc_exp_led_pw_on
 .text.copc_exp_heater_pw_on
                0x080023e8       0x48 ./Core/COPC/copc.o
                0x080023e8                copc_exp_heater_pw_on
 .text.copc_exp_set_temp
                0x08002430       0xa0 ./Core/COPC/copc.o
                0x08002430                copc_exp_set_temp
 .text.copc_exp_get_temp_setpoint
                0x080024d0       0xfc ./Core/COPC/copc.o
                0x080024d0                copc_exp_get_temp_setpoint
 .text.copc_exp_get_temp
                0x080025cc       0xfc ./Core/COPC/copc.o
                0x080025cc                copc_exp_get_temp
 .text.copc_exp_set_tec_vol
                0x080026c8       0xa0 ./Core/COPC/copc.o
                0x080026c8                copc_exp_set_tec_vol
 .text.copc_exp_get_tec_vol
                0x08002768       0xfc ./Core/COPC/copc.o
                0x08002768                copc_exp_get_tec_vol
 .text.copc_exp_set_heater_duty
                0x08002864       0x88 ./Core/COPC/copc.o
                0x08002864                copc_exp_set_heater_duty
 .text.copc_exp_get_heater_duty
                0x080028ec       0xb8 ./Core/COPC/copc.o
                0x080028ec                copc_exp_get_heater_duty
 .text.copc_exp_temp_ctrl
                0x080029a4       0x84 ./Core/COPC/copc.o
                0x080029a4                copc_exp_temp_ctrl
 .text.copc_exp_temp_auto_ctrl
                0x08002a28       0x6c ./Core/COPC/copc.o
                0x08002a28                copc_exp_temp_auto_ctrl
 .text.copc_exp_set_ir_duty
                0x08002a94        0xe ./Core/COPC/copc.o
                0x08002a94                copc_exp_set_ir_duty
 .text.copc_exp_get_ir_duty
                0x08002aa2        0xe ./Core/COPC/copc.o
                0x08002aa2                copc_exp_get_ir_duty
 .text.copc_exp_get_all
                0x08002ab0        0xe ./Core/COPC/copc.o
                0x08002ab0                copc_exp_get_all
 *fill*         0x08002abe        0x2 
 .text.COPC_UART_IRQHandler
                0x08002ac0       0x9c ./Core/COPC/copc.o
                0x08002ac0                COPC_UART_IRQHandler
 .text.bmp390_get_temperature
                0x08002b5c       0x1a ./Core/Devices/BMP390/bmp390.o
                0x08002b5c                bmp390_get_temperature
 .text.LL_TIM_OC_SetCompareCH1
                0x08002b76       0x1c ./Core/Devices/Heater/heater.o
 .text.LL_TIM_OC_SetCompareCH2
                0x08002b92       0x1c ./Core/Devices/Heater/heater.o
 .text.LL_TIM_OC_SetCompareCH3
                0x08002bae       0x1c ./Core/Devices/Heater/heater.o
 .text.LL_TIM_OC_SetCompareCH4
                0x08002bca       0x1c ./Core/Devices/Heater/heater.o
 *fill*         0x08002be6        0x2 
 .text.heater_set_duty_pwm_channel
                0x08002be8       0x7c ./Core/Devices/Heater/heater.o
                0x08002be8                heater_set_duty_pwm_channel
 .text.LL_SPI_IsActiveFlag_RXNE
                0x08002c64       0x26 ./Core/Devices/LT8722/lt8722.o
 .text.LL_SPI_ReceiveData8
                0x08002c8a       0x1c ./Core/Devices/LT8722/lt8722.o
 .text.LL_SPI_TransmitData8
                0x08002ca6       0x24 ./Core/Devices/LT8722/lt8722.o
 .text.LL_GPIO_SetOutputPin
                0x08002cca       0x1c ./Core/Devices/LT8722/lt8722.o
 .text.LL_GPIO_ResetOutputPin
                0x08002ce6       0x1e ./Core/Devices/LT8722/lt8722.o
 .text.csLOW    0x08002d04       0x14 ./Core/Devices/LT8722/lt8722.o
 .text.csHIGH   0x08002d18       0x14 ./Core/Devices/LT8722/lt8722.o
 .text.SPI_LL_Transmit
                0x08002d2c       0x38 ./Core/Devices/LT8722/lt8722.o
 .text.SPI_write_and_read_buffer
                0x08002d64       0x52 ./Core/Devices/LT8722/lt8722.o
                0x08002d64                SPI_write_and_read_buffer
 *fill*         0x08002db6        0x2 
 .text.lt8722_voltage_to_dac
                0x08002db8       0x4c ./Core/Devices/LT8722/lt8722.o
                0x08002db8                lt8722_voltage_to_dac
 .text.lt8722_dac_to_voltage
                0x08002e04       0x88 ./Core/Devices/LT8722/lt8722.o
                0x08002e04                lt8722_dac_to_voltage
 .text.lt8722_transaction
                0x08002e8c       0xfa ./Core/Devices/LT8722/lt8722.o
                0x08002e8c                lt8722_transaction
 *fill*         0x08002f86        0x2 
 .text.lt8722_reg_read
                0x08002f88       0x6c ./Core/Devices/LT8722/lt8722.o
                0x08002f88                lt8722_reg_read
 .text.lt8722_reg_write
                0x08002ff4       0x50 ./Core/Devices/LT8722/lt8722.o
                0x08002ff4                lt8722_reg_write
 .text.lt8722_reg_write_mask
                0x08003044       0x4c ./Core/Devices/LT8722/lt8722.o
                0x08003044                lt8722_reg_write_mask
 .text.lt8722_set_enable_req
                0x08003090       0x20 ./Core/Devices/LT8722/lt8722.o
                0x08003090                lt8722_set_enable_req
 .text.lt8722_set_swen_req
                0x080030b0       0x20 ./Core/Devices/LT8722/lt8722.o
                0x080030b0                lt8722_set_swen_req
 .text.lt8722_reset
                0x080030d0       0x16 ./Core/Devices/LT8722/lt8722.o
                0x080030d0                lt8722_reset
 .text.lt8722_clear_faults
                0x080030e6       0x2e ./Core/Devices/LT8722/lt8722.o
                0x080030e6                lt8722_clear_faults
 .text.lt8722_get_status
                0x08003114       0x58 ./Core/Devices/LT8722/lt8722.o
                0x08003114                lt8722_get_status
 .text.lt8722_set_dac
                0x0800316c       0x24 ./Core/Devices/LT8722/lt8722.o
                0x0800316c                lt8722_set_dac
 .text.lt8722_set_spis_ov_clamp
                0x08003190       0x32 ./Core/Devices/LT8722/lt8722.o
                0x08003190                lt8722_set_spis_ov_clamp
 .text.lt8722_set_spis_uv_clamp
                0x080031c2       0x32 ./Core/Devices/LT8722/lt8722.o
                0x080031c2                lt8722_set_spis_uv_clamp
 .text.lt8722_init
                0x080031f4      0x160 ./Core/Devices/LT8722/lt8722.o
                0x080031f4                lt8722_init
 .text.lt8722_set_output_voltage
                0x08003354       0x88 ./Core/Devices/LT8722/lt8722.o
                0x08003354                lt8722_set_output_voltage
 .text.lt8722_set_output_voltage_channel
                0x080033dc       0x1e ./Core/Devices/LT8722/lt8722.o
                0x080033dc                lt8722_set_output_voltage_channel
 .text.Calculate_CRC8
                0x080033fa       0x76 ./Core/Devices/LT8722/lt8722.o
                0x080033fa                Calculate_CRC8
 .text.put_unaligned_be32
                0x08003470       0x42 ./Core/Devices/LT8722/lt8722.o
                0x08003470                put_unaligned_be32
 .text.get_unaligned_be32
                0x080034b2       0x3a ./Core/Devices/LT8722/lt8722.o
                0x080034b2                get_unaligned_be32
 .text.get_unaligned_be16
                0x080034ec       0x24 ./Core/Devices/LT8722/lt8722.o
                0x080034ec                get_unaligned_be16
 .text.find_first_set_bit
                0x08003510       0x3c ./Core/Devices/LT8722/lt8722.o
                0x08003510                find_first_set_bit
 .text.field_prep
                0x0800354c       0x24 ./Core/Devices/LT8722/lt8722.o
                0x0800354c                field_prep
 .text.LL_ADC_Enable
                0x08003570       0x20 ./Core/Devices/NTC/ntc.o
 .text.LL_ADC_IsEnabled
                0x08003590       0x26 ./Core/Devices/NTC/ntc.o
 .text.LL_ADC_REG_StartConversionSWStart
                0x080035b6       0x20 ./Core/Devices/NTC/ntc.o
 *fill*         0x080035d6        0x2 
 .text.LL_DMA_EnableStream
                0x080035d8       0x40 ./Core/Devices/NTC/ntc.o
 .text.NTC_DMA_ADC_init
                0x08003618       0x34 ./Core/Devices/NTC/ntc.o
                0x08003618                NTC_DMA_ADC_init
 .text.LL_GPIO_SetOutputPin
                0x0800364c       0x1c ./Core/LED/status_led.o
 .text.LL_GPIO_ResetOutputPin
                0x08003668       0x1e ./Core/LED/status_led.o
 *fill*         0x08003686        0x2 
 .text.status_led_init
                0x08003688       0x34 ./Core/LED/status_led.o
                0x08003688                status_led_init
 .text.status_led_update
                0x080036bc       0x3c ./Core/LED/status_led.o
                0x080036bc                status_led_update
 .text.status_led_powerup
                0x080036f8       0x90 ./Core/LED/status_led.o
 .text.status_led_normal
                0x08003788       0x44 ./Core/LED/status_led.o
 .text.status_led_error
                0x080037cc       0x8c ./Core/LED/status_led.o
 .text.status_led_led_green_on
                0x08003858       0x18 ./Core/LED/status_led.o
 .text.status_led_led_green_off
                0x08003870       0x18 ./Core/LED/status_led.o
 .text.status_led_led_blue_on
                0x08003888       0x18 ./Core/LED/status_led.o
 .text.status_led_led_blue_off
                0x080038a0       0x18 ./Core/LED/status_led.o
 .text.status_led_create_task
                0x080038b8       0x18 ./Core/LED/status_led.o
                0x080038b8                status_led_create_task
 .text.__NVIC_SetPriorityGrouping
                0x080038d0       0x48 ./Core/Src/main.o
 .text.__NVIC_GetPriorityGrouping
                0x08003918       0x1c ./Core/Src/main.o
 .text.__NVIC_EnableIRQ
                0x08003934       0x3c ./Core/Src/main.o
 .text.__NVIC_SetPriority
                0x08003970       0x54 ./Core/Src/main.o
 .text.NVIC_EncodePriority
                0x080039c4       0x66 ./Core/Src/main.o
 .text.LL_ADC_REG_SetSequencerRanks
                0x08003a2a       0x7a ./Core/Src/main.o
 .text.LL_ADC_REG_SetFlagEndOfConversion
                0x08003aa4       0x26 ./Core/Src/main.o
 .text.LL_ADC_SetChannelSamplingTime
                0x08003aca       0xc2 ./Core/Src/main.o
 .text.LL_DMA_SetDataTransferDirection
                0x08003b8c       0x48 ./Core/Src/main.o
 .text.LL_DMA_SetMode
                0x08003bd4       0x48 ./Core/Src/main.o
 .text.LL_DMA_SetPeriphIncMode
                0x08003c1c       0x48 ./Core/Src/main.o
 .text.LL_DMA_SetMemoryIncMode
                0x08003c64       0x48 ./Core/Src/main.o
 .text.LL_DMA_SetPeriphSize
                0x08003cac       0x48 ./Core/Src/main.o
 .text.LL_DMA_SetMemorySize
                0x08003cf4       0x48 ./Core/Src/main.o
 .text.LL_DMA_SetStreamPriorityLevel
                0x08003d3c       0x48 ./Core/Src/main.o
 .text.LL_DMA_SetChannelSelection
                0x08003d84       0x48 ./Core/Src/main.o
 .text.LL_DMA_DisableFifoMode
                0x08003dcc       0x40 ./Core/Src/main.o
 .text.LL_I2C_Enable
                0x08003e0c       0x20 ./Core/Src/main.o
 .text.LL_I2C_EnableClockStretching
                0x08003e2c       0x20 ./Core/Src/main.o
 .text.LL_I2C_DisableGeneralCall
                0x08003e4c       0x20 ./Core/Src/main.o
 .text.LL_I2C_SetOwnAddress2
                0x08003e6c       0x26 ./Core/Src/main.o
 .text.LL_I2C_DisableOwnAddress2
                0x08003e92       0x20 ./Core/Src/main.o
 *fill*         0x08003eb2        0x2 
 .text.LL_RCC_HSE_Enable
                0x08003eb4       0x20 ./Core/Src/main.o
 .text.LL_RCC_HSE_IsReady
                0x08003ed4       0x28 ./Core/Src/main.o
 .text.LL_RCC_SetSysClkSource
                0x08003efc       0x28 ./Core/Src/main.o
 .text.LL_RCC_GetSysClkSource
                0x08003f24       0x1c ./Core/Src/main.o
 .text.LL_RCC_SetAHBPrescaler
                0x08003f40       0x28 ./Core/Src/main.o
 .text.LL_RCC_SetAPB1Prescaler
                0x08003f68       0x28 ./Core/Src/main.o
 .text.LL_RCC_SetAPB2Prescaler
                0x08003f90       0x28 ./Core/Src/main.o
 .text.LL_AHB1_GRP1_EnableClock
                0x08003fb8       0x30 ./Core/Src/main.o
 .text.LL_APB1_GRP1_EnableClock
                0x08003fe8       0x30 ./Core/Src/main.o
 .text.LL_APB2_GRP1_EnableClock
                0x08004018       0x30 ./Core/Src/main.o
 .text.LL_FLASH_SetLatency
                0x08004048       0x28 ./Core/Src/main.o
 .text.LL_FLASH_GetLatency
                0x08004070       0x1c ./Core/Src/main.o
 .text.LL_PWR_SetRegulVoltageScaling
                0x0800408c       0x28 ./Core/Src/main.o
 .text.LL_SPI_Enable
                0x080040b4       0x20 ./Core/Src/main.o
 .text.LL_SPI_SetStandard
                0x080040d4       0x26 ./Core/Src/main.o
 .text.LL_TIM_DisableARRPreload
                0x080040fa       0x20 ./Core/Src/main.o
 *fill*         0x0800411a        0x2 
 .text.LL_TIM_OC_DisableFast
                0x0800411c       0x8c ./Core/Src/main.o
 .text.LL_TIM_OC_EnablePreload
                0x080041a8       0x88 ./Core/Src/main.o
 .text.LL_TIM_SetClockSource
                0x08004230       0x2a ./Core/Src/main.o
 .text.LL_TIM_SetTriggerOutput
                0x0800425a       0x26 ./Core/Src/main.o
 .text.LL_TIM_DisableMasterSlaveMode
                0x08004280       0x20 ./Core/Src/main.o
 .text.LL_USART_Enable
                0x080042a0       0x20 ./Core/Src/main.o
 .text.LL_USART_ConfigAsyncMode
                0x080042c0       0x2c ./Core/Src/main.o
 .text.LL_GPIO_SetOutputPin
                0x080042ec       0x1c ./Core/Src/main.o
 .text.LL_GPIO_ResetOutputPin
                0x08004308       0x1e ./Core/Src/main.o
 .text.main     0x08004326       0x94 ./Core/Src/main.o
                0x08004326                main
 *fill*         0x080043ba        0x2 
 .text.SystemClock_Config
                0x080043bc       0x68 ./Core/Src/main.o
                0x080043bc                SystemClock_Config
 .text.MX_ADC1_Init
                0x08004424      0x1c0 ./Core/Src/main.o
 .text.MX_I2C2_Init
                0x080045e4       0xb8 ./Core/Src/main.o
 .text.MX_SPI1_Init
                0x0800469c       0xac ./Core/Src/main.o
 .text.MX_TIM1_Init
                0x08004748      0x190 ./Core/Src/main.o
 .text.MX_USART2_UART_Init
                0x080048d8       0xc0 ./Core/Src/main.o
 .text.MX_USART3_UART_Init
                0x08004998       0xc4 ./Core/Src/main.o
 .text.MX_DMA_Init
                0x08004a5c       0x30 ./Core/Src/main.o
 .text.MX_GPIO_Init
                0x08004a8c      0x184 ./Core/Src/main.o
 .text.NMI_Handler
                0x08004c10        0x8 ./Core/Src/stm32f4xx_it.o
                0x08004c10                NMI_Handler
 .text.HardFault_Handler
                0x08004c18        0x8 ./Core/Src/stm32f4xx_it.o
                0x08004c18                HardFault_Handler
 .text.MemManage_Handler
                0x08004c20        0x8 ./Core/Src/stm32f4xx_it.o
                0x08004c20                MemManage_Handler
 .text.BusFault_Handler
                0x08004c28        0x8 ./Core/Src/stm32f4xx_it.o
                0x08004c28                BusFault_Handler
 .text.UsageFault_Handler
                0x08004c30        0x8 ./Core/Src/stm32f4xx_it.o
                0x08004c30                UsageFault_Handler
 .text.SVC_Handler
                0x08004c38        0xe ./Core/Src/stm32f4xx_it.o
                0x08004c38                SVC_Handler
 .text.DebugMon_Handler
                0x08004c46        0xe ./Core/Src/stm32f4xx_it.o
                0x08004c46                DebugMon_Handler
 .text.PendSV_Handler
                0x08004c54        0xe ./Core/Src/stm32f4xx_it.o
                0x08004c54                PendSV_Handler
 *fill*         0x08004c62        0x2 
 .text.SysTick_Handler
                0x08004c64       0x1c ./Core/Src/stm32f4xx_it.o
                0x08004c64                SysTick_Handler
 .text.USART2_IRQHandler
                0x08004c80        0xc ./Core/Src/stm32f4xx_it.o
                0x08004c80                USART2_IRQHandler
 .text.USART3_IRQHandler
                0x08004c8c        0xc ./Core/Src/stm32f4xx_it.o
                0x08004c8c                USART3_IRQHandler
 .text.DMA2_Stream0_IRQHandler
                0x08004c98        0xe ./Core/Src/stm32f4xx_it.o
                0x08004c98                DMA2_Stream0_IRQHandler
 *fill*         0x08004ca6        0x2 
 .text.SystemInit
                0x08004ca8       0x24 ./Core/Src/system_stm32f4xx.o
                0x08004ca8                SystemInit
 .text.Reset_Handler
                0x08004ccc       0x50 ./Core/Startup/startup_stm32f407vgtx.o
                0x08004ccc                Reset_Handler
 .text.Default_Handler
                0x08004d1c        0x2 ./Core/Startup/startup_stm32f407vgtx.o
                0x08004d1c                RTC_Alarm_IRQHandler
                0x08004d1c                HASH_RNG_IRQHandler
                0x08004d1c                EXTI2_IRQHandler
                0x08004d1c                TIM8_CC_IRQHandler
                0x08004d1c                TIM1_CC_IRQHandler
                0x08004d1c                DMA2_Stream5_IRQHandler
                0x08004d1c                DMA1_Stream5_IRQHandler
                0x08004d1c                PVD_IRQHandler
                0x08004d1c                SDIO_IRQHandler
                0x08004d1c                TAMP_STAMP_IRQHandler
                0x08004d1c                CAN2_RX1_IRQHandler
                0x08004d1c                EXTI3_IRQHandler
                0x08004d1c                TIM8_TRG_COM_TIM14_IRQHandler
                0x08004d1c                TIM1_UP_TIM10_IRQHandler
                0x08004d1c                TIM8_UP_TIM13_IRQHandler
                0x08004d1c                I2C3_ER_IRQHandler
                0x08004d1c                EXTI0_IRQHandler
                0x08004d1c                I2C2_EV_IRQHandler
                0x08004d1c                DMA1_Stream2_IRQHandler
                0x08004d1c                CAN1_RX0_IRQHandler
                0x08004d1c                FPU_IRQHandler
                0x08004d1c                OTG_HS_WKUP_IRQHandler
                0x08004d1c                CAN2_SCE_IRQHandler
                0x08004d1c                DMA2_Stream2_IRQHandler
                0x08004d1c                SPI1_IRQHandler
                0x08004d1c                TIM6_DAC_IRQHandler
                0x08004d1c                TIM1_BRK_TIM9_IRQHandler
                0x08004d1c                DCMI_IRQHandler
                0x08004d1c                CAN2_RX0_IRQHandler
                0x08004d1c                DMA2_Stream3_IRQHandler
                0x08004d1c                USART6_IRQHandler
                0x08004d1c                CAN1_RX1_IRQHandler
                0x08004d1c                UART5_IRQHandler
                0x08004d1c                TIM4_IRQHandler
                0x08004d1c                I2C1_EV_IRQHandler
                0x08004d1c                DMA1_Stream6_IRQHandler
                0x08004d1c                DMA1_Stream1_IRQHandler
                0x08004d1c                UART4_IRQHandler
                0x08004d1c                TIM3_IRQHandler
                0x08004d1c                RCC_IRQHandler
                0x08004d1c                TIM8_BRK_TIM12_IRQHandler
                0x08004d1c                Default_Handler
                0x08004d1c                EXTI15_10_IRQHandler
                0x08004d1c                ADC_IRQHandler
                0x08004d1c                DMA1_Stream7_IRQHandler
                0x08004d1c                TIM7_IRQHandler
                0x08004d1c                CAN2_TX_IRQHandler
                0x08004d1c                TIM5_IRQHandler
                0x08004d1c                DMA2_Stream7_IRQHandler
                0x08004d1c                I2C3_EV_IRQHandler
                0x08004d1c                EXTI9_5_IRQHandler
                0x08004d1c                RTC_WKUP_IRQHandler
                0x08004d1c                ETH_WKUP_IRQHandler
                0x08004d1c                SPI2_IRQHandler
                0x08004d1c                OTG_HS_EP1_IN_IRQHandler
                0x08004d1c                DMA1_Stream0_IRQHandler
                0x08004d1c                CAN1_TX_IRQHandler
                0x08004d1c                EXTI4_IRQHandler
                0x08004d1c                FSMC_IRQHandler
                0x08004d1c                ETH_IRQHandler
                0x08004d1c                OTG_HS_EP1_OUT_IRQHandler
                0x08004d1c                WWDG_IRQHandler
                0x08004d1c                TIM2_IRQHandler
                0x08004d1c                OTG_FS_WKUP_IRQHandler
                0x08004d1c                TIM1_TRG_COM_TIM11_IRQHandler
                0x08004d1c                OTG_HS_IRQHandler
                0x08004d1c                EXTI1_IRQHandler
                0x08004d1c                I2C2_ER_IRQHandler
                0x08004d1c                DMA2_Stream1_IRQHandler
                0x08004d1c                CAN1_SCE_IRQHandler
                0x08004d1c                FLASH_IRQHandler
                0x08004d1c                DMA2_Stream4_IRQHandler
                0x08004d1c                USART1_IRQHandler
                0x08004d1c                OTG_FS_IRQHandler
                0x08004d1c                SPI3_IRQHandler
                0x08004d1c                DMA1_Stream4_IRQHandler
                0x08004d1c                I2C1_ER_IRQHandler
                0x08004d1c                DMA2_Stream6_IRQHandler
                0x08004d1c                DMA1_Stream3_IRQHandler
 *fill*         0x08004d1e        0x2 
 .text.temperature_update
                0x08004d20      0x110 ./Core/Temperature/temperature.o
 .text.temperature_auto_ctrl
                0x08004e30      0x190 ./Core/Temperature/temperature.o
                0x08004e30                temperature_auto_ctrl
 .text.temperature_manual_ctrl
                0x08004fc0       0xbc ./Core/Temperature/temperature.o
                0x08004fc0                temperature_manual_ctrl
 .text.temperature_init
                0x0800507c        0xc ./Core/Temperature/temperature.o
                0x0800507c                temperature_init
 .text.temperature_create_task
                0x08005088       0x18 ./Core/Temperature/temperature.o
                0x08005088                temperature_create_task
 .text.temperature_set_setpoint
                0x080050a0       0x2c ./Core/Temperature/temperature.o
                0x080050a0                temperature_set_setpoint
 .text.temperature_get_setpoint
                0x080050cc       0x24 ./Core/Temperature/temperature.o
                0x080050cc                temperature_get_setpoint
 .text.temperature_get_temp_NTC
                0x080050f0       0x24 ./Core/Temperature/temperature.o
                0x080050f0                temperature_get_temp_NTC
 .text.temperature_set_tec_vol
                0x08005114       0x40 ./Core/Temperature/temperature.o
                0x08005114                temperature_set_tec_vol
 .text.temperature_get_tec_vol
                0x08005154       0x38 ./Core/Temperature/temperature.o
                0x08005154                temperature_get_tec_vol
 .text.temperature_set_heater_duty
                0x0800518c       0x48 ./Core/Temperature/temperature.o
                0x0800518c                temperature_set_heater_duty
 .text.temperature_get_heater_duty
                0x080051d4       0x40 ./Core/Temperature/temperature.o
                0x080051d4                temperature_get_heater_duty
 .text.temperature_set_auto_ctrl
                0x08005214       0x64 ./Core/Temperature/temperature.o
                0x08005214                temperature_set_auto_ctrl
 .text.temperature_set_ctrl
                0x08005278      0x21c ./Core/Temperature/temperature.o
                0x08005278                temperature_set_ctrl
 .text.LL_GPIO_SetOutputPin
                0x08005494       0x1c ./Core/WDog/watchdog.o
 .text.LL_GPIO_ResetOutputPin
                0x080054b0       0x1e ./Core/WDog/watchdog.o
 *fill*         0x080054ce        0x2 
 .text.WDT_init
                0x080054d0       0x18 ./Core/WDog/watchdog.o
                0x080054d0                WDT_init
 .text.WDT_create_task
                0x080054e8       0x18 ./Core/WDog/watchdog.o
                0x080054e8                WDT_create_task
 .text.status_wdt_update
                0x08005500       0x60 ./Core/WDog/watchdog.o
                0x08005500                status_wdt_update
 .text.LL_ADC_REG_SetSequencerLength
                0x08005560       0x26 ./Drivers/STM32F4xx_HAL_Driver/Src/stm32f4xx_ll_adc.o
 .text.LL_ADC_IsEnabled
                0x08005586       0x26 ./Drivers/STM32F4xx_HAL_Driver/Src/stm32f4xx_ll_adc.o
 .text.LL_ADC_CommonInit
                0x080055ac       0x90 ./Drivers/STM32F4xx_HAL_Driver/Src/stm32f4xx_ll_adc.o
                0x080055ac                LL_ADC_CommonInit
 .text.LL_ADC_Init
                0x0800563c       0x58 ./Drivers/STM32F4xx_HAL_Driver/Src/stm32f4xx_ll_adc.o
                0x0800563c                LL_ADC_Init
 .text.LL_ADC_REG_Init
                0x08005694       0x84 ./Drivers/STM32F4xx_HAL_Driver/Src/stm32f4xx_ll_adc.o
                0x08005694                LL_ADC_REG_Init
 .text.LL_GPIO_SetPinMode
                0x08005718       0x7a ./Drivers/STM32F4xx_HAL_Driver/Src/stm32f4xx_ll_gpio.o
 .text.LL_GPIO_SetPinOutputType
                0x08005792       0x30 ./Drivers/STM32F4xx_HAL_Driver/Src/stm32f4xx_ll_gpio.o
 .text.LL_GPIO_SetPinSpeed
                0x080057c2       0x7a ./Drivers/STM32F4xx_HAL_Driver/Src/stm32f4xx_ll_gpio.o
 .text.LL_GPIO_SetPinPull
                0x0800583c       0x7a ./Drivers/STM32F4xx_HAL_Driver/Src/stm32f4xx_ll_gpio.o
 .text.LL_GPIO_SetAFPin_0_7
                0x080058b6       0x7a ./Drivers/STM32F4xx_HAL_Driver/Src/stm32f4xx_ll_gpio.o
 .text.LL_GPIO_SetAFPin_8_15
                0x08005930       0x7e ./Drivers/STM32F4xx_HAL_Driver/Src/stm32f4xx_ll_gpio.o
 .text.LL_GPIO_Init
                0x080059ae      0x102 ./Drivers/STM32F4xx_HAL_Driver/Src/stm32f4xx_ll_gpio.o
                0x080059ae                LL_GPIO_Init
 .text.LL_I2C_Enable
                0x08005ab0       0x20 ./Drivers/STM32F4xx_HAL_Driver/Src/stm32f4xx_ll_i2c.o
 .text.LL_I2C_Disable
                0x08005ad0       0x20 ./Drivers/STM32F4xx_HAL_Driver/Src/stm32f4xx_ll_i2c.o
 .text.LL_I2C_SetOwnAddress1
                0x08005af0       0x30 ./Drivers/STM32F4xx_HAL_Driver/Src/stm32f4xx_ll_i2c.o
 .text.LL_I2C_ConfigSpeed
                0x08005b20      0x130 ./Drivers/STM32F4xx_HAL_Driver/Src/stm32f4xx_ll_i2c.o
 .text.LL_I2C_SetMode
                0x08005c50       0x26 ./Drivers/STM32F4xx_HAL_Driver/Src/stm32f4xx_ll_i2c.o
 .text.LL_I2C_AcknowledgeNextData
                0x08005c76       0x26 ./Drivers/STM32F4xx_HAL_Driver/Src/stm32f4xx_ll_i2c.o
 .text.LL_I2C_Init
                0x08005c9c       0x62 ./Drivers/STM32F4xx_HAL_Driver/Src/stm32f4xx_ll_i2c.o
                0x08005c9c                LL_I2C_Init
 *fill*         0x08005cfe        0x2 
 .text.LL_RCC_GetSysClkSource
                0x08005d00       0x1c ./Drivers/STM32F4xx_HAL_Driver/Src/stm32f4xx_ll_rcc.o
 .text.LL_RCC_GetAHBPrescaler
                0x08005d1c       0x1c ./Drivers/STM32F4xx_HAL_Driver/Src/stm32f4xx_ll_rcc.o
 .text.LL_RCC_GetAPB1Prescaler
                0x08005d38       0x1c ./Drivers/STM32F4xx_HAL_Driver/Src/stm32f4xx_ll_rcc.o
 .text.LL_RCC_GetAPB2Prescaler
                0x08005d54       0x1c ./Drivers/STM32F4xx_HAL_Driver/Src/stm32f4xx_ll_rcc.o
 .text.LL_RCC_PLL_GetMainSource
                0x08005d70       0x1c ./Drivers/STM32F4xx_HAL_Driver/Src/stm32f4xx_ll_rcc.o
 .text.LL_RCC_PLL_GetN
                0x08005d8c       0x1c ./Drivers/STM32F4xx_HAL_Driver/Src/stm32f4xx_ll_rcc.o
 .text.LL_RCC_PLL_GetP
                0x08005da8       0x1c ./Drivers/STM32F4xx_HAL_Driver/Src/stm32f4xx_ll_rcc.o
 .text.LL_RCC_PLL_GetDivider
                0x08005dc4       0x1c ./Drivers/STM32F4xx_HAL_Driver/Src/stm32f4xx_ll_rcc.o
 .text.LL_RCC_GetSystemClocksFreq
                0x08005de0       0x4a ./Drivers/STM32F4xx_HAL_Driver/Src/stm32f4xx_ll_rcc.o
                0x08005de0                LL_RCC_GetSystemClocksFreq
 *fill*         0x08005e2a        0x2 
 .text.RCC_GetSystemClockFreq
                0x08005e2c       0x50 ./Drivers/STM32F4xx_HAL_Driver/Src/stm32f4xx_ll_rcc.o
                0x08005e2c                RCC_GetSystemClockFreq
 .text.RCC_GetHCLKClockFreq
                0x08005e7c       0x2c ./Drivers/STM32F4xx_HAL_Driver/Src/stm32f4xx_ll_rcc.o
                0x08005e7c                RCC_GetHCLKClockFreq
 .text.RCC_GetPCLK1ClockFreq
                0x08005ea8       0x28 ./Drivers/STM32F4xx_HAL_Driver/Src/stm32f4xx_ll_rcc.o
                0x08005ea8                RCC_GetPCLK1ClockFreq
 .text.RCC_GetPCLK2ClockFreq
                0x08005ed0       0x28 ./Drivers/STM32F4xx_HAL_Driver/Src/stm32f4xx_ll_rcc.o
                0x08005ed0                RCC_GetPCLK2ClockFreq
 .text.RCC_PLL_GetFreqDomain_SYS
                0x08005ef8       0x7c ./Drivers/STM32F4xx_HAL_Driver/Src/stm32f4xx_ll_rcc.o
                0x08005ef8                RCC_PLL_GetFreqDomain_SYS
 .text.LL_SPI_IsEnabled
                0x08005f74       0x26 ./Drivers/STM32F4xx_HAL_Driver/Src/stm32f4xx_ll_spi.o
 .text.LL_SPI_SetCRCPolynomial
                0x08005f9a       0x20 ./Drivers/STM32F4xx_HAL_Driver/Src/stm32f4xx_ll_spi.o
 .text.LL_SPI_Init
                0x08005fba       0xa4 ./Drivers/STM32F4xx_HAL_Driver/Src/stm32f4xx_ll_spi.o
                0x08005fba                LL_SPI_Init
 .text.LL_TIM_SetPrescaler
                0x0800605e       0x1c ./Drivers/STM32F4xx_HAL_Driver/Src/stm32f4xx_ll_tim.o
 .text.LL_TIM_SetAutoReload
                0x0800607a       0x1c ./Drivers/STM32F4xx_HAL_Driver/Src/stm32f4xx_ll_tim.o
 .text.LL_TIM_SetRepetitionCounter
                0x08006096       0x1c ./Drivers/STM32F4xx_HAL_Driver/Src/stm32f4xx_ll_tim.o
 .text.LL_TIM_OC_SetCompareCH1
                0x080060b2       0x1c ./Drivers/STM32F4xx_HAL_Driver/Src/stm32f4xx_ll_tim.o
 .text.LL_TIM_OC_SetCompareCH2
                0x080060ce       0x1c ./Drivers/STM32F4xx_HAL_Driver/Src/stm32f4xx_ll_tim.o
 .text.LL_TIM_OC_SetCompareCH3
                0x080060ea       0x1c ./Drivers/STM32F4xx_HAL_Driver/Src/stm32f4xx_ll_tim.o
 .text.LL_TIM_OC_SetCompareCH4
                0x08006106       0x1c ./Drivers/STM32F4xx_HAL_Driver/Src/stm32f4xx_ll_tim.o
 .text.LL_TIM_GenerateEvent_UPDATE
                0x08006122       0x20 ./Drivers/STM32F4xx_HAL_Driver/Src/stm32f4xx_ll_tim.o
 *fill*         0x08006142        0x2 
 .text.LL_TIM_Init
                0x08006144      0x134 ./Drivers/STM32F4xx_HAL_Driver/Src/stm32f4xx_ll_tim.o
                0x08006144                LL_TIM_Init
 .text.LL_TIM_OC_Init
                0x08006278       0x82 ./Drivers/STM32F4xx_HAL_Driver/Src/stm32f4xx_ll_tim.o
                0x08006278                LL_TIM_OC_Init
 .text.LL_TIM_BDTR_Init
                0x080062fa       0x84 ./Drivers/STM32F4xx_HAL_Driver/Src/stm32f4xx_ll_tim.o
                0x080062fa                LL_TIM_BDTR_Init
 *fill*         0x0800637e        0x2 
 .text.OC1Config
                0x08006380       0xd8 ./Drivers/STM32F4xx_HAL_Driver/Src/stm32f4xx_ll_tim.o
 .text.OC2Config
                0x08006458       0xe0 ./Drivers/STM32F4xx_HAL_Driver/Src/stm32f4xx_ll_tim.o
 .text.OC3Config
                0x08006538       0xe0 ./Drivers/STM32F4xx_HAL_Driver/Src/stm32f4xx_ll_tim.o
 .text.OC4Config
                0x08006618       0xb0 ./Drivers/STM32F4xx_HAL_Driver/Src/stm32f4xx_ll_tim.o
 .text.LL_USART_IsEnabled
                0x080066c8       0x28 ./Drivers/STM32F4xx_HAL_Driver/Src/stm32f4xx_ll_usart.o
 .text.LL_USART_SetStopBitsLength
                0x080066f0       0x26 ./Drivers/STM32F4xx_HAL_Driver/Src/stm32f4xx_ll_usart.o
 .text.LL_USART_SetHWFlowCtrl
                0x08006716       0x26 ./Drivers/STM32F4xx_HAL_Driver/Src/stm32f4xx_ll_usart.o
 .text.LL_USART_SetBaudRate
                0x0800673c      0x45c ./Drivers/STM32F4xx_HAL_Driver/Src/stm32f4xx_ll_usart.o
 .text.LL_USART_Init
                0x08006b98      0x100 ./Drivers/STM32F4xx_HAL_Driver/Src/stm32f4xx_ll_usart.o
                0x08006b98                LL_USART_Init
 .text.LL_InitTick
                0x08006c98       0x34 ./Drivers/STM32F4xx_HAL_Driver/Src/stm32f4xx_ll_utils.o
 .text.LL_Init1msTick
                0x08006ccc       0x1a ./Drivers/STM32F4xx_HAL_Driver/Src/stm32f4xx_ll_utils.o
                0x08006ccc                LL_Init1msTick
 *fill*         0x08006ce6        0x2 
 .text.LL_mDelay
                0x08006ce8       0x4c ./Drivers/STM32F4xx_HAL_Driver/Src/stm32f4xx_ll_utils.o
                0x08006ce8                LL_mDelay
 .text.LL_SetSystemCoreClock
                0x08006d34       0x20 ./Drivers/STM32F4xx_HAL_Driver/Src/stm32f4xx_ll_utils.o
                0x08006d34                LL_SetSystemCoreClock
 .text.SCH_Initialize
                0x08006d54       0x54 ./Scheduler/scheduler.o
                0x08006d54                SCH_Initialize
 .text.SCH_TIM_Start
                0x08006da8       0x2c ./Scheduler/scheduler.o
                0x08006da8                SCH_TIM_Start
 .text.SCH_TIM_HasCompleted
                0x08006dd4       0x2c ./Scheduler/scheduler.o
                0x08006dd4                SCH_TIM_HasCompleted
 .text.SCH_TASK_CreateTask
                0x08006e00       0x80 ./Scheduler/scheduler.o
                0x08006e00                SCH_TASK_CreateTask
 .text.SCH_RunSystemTickTimer
                0x08006e80      0x128 ./Scheduler/scheduler.o
                0x08006e80                SCH_RunSystemTickTimer
 .text.SCH_StartSchedular
                0x08006fa8        0xc ./Scheduler/scheduler.o
                0x08006fa8                SCH_StartSchedular
 .text.SCH_HandleScheduledTask
                0x08006fb4       0xb4 ./Scheduler/scheduler.o
                0x08006fb4                SCH_HandleScheduledTask
 .text.crc16_CCITT
                0x08007068       0x76 ./ThirdParty/libfsp/crc16.o
                0x08007068                crc16_CCITT
 *fill*         0x080070de        0x2 
 .text.fsp_init
                0x080070e0       0x2c ./ThirdParty/libfsp/fsp.o
                0x080070e0                fsp_init
 .text.fsp_gen_cmd_w_data_pkt
                0x0800710c       0x54 ./ThirdParty/libfsp/fsp.o
                0x0800710c                fsp_gen_cmd_w_data_pkt
 .text.fsp_gen_pkt
                0x08007160       0xc0 ./ThirdParty/libfsp/fsp.o
                0x08007160                fsp_gen_pkt
 .text.fsp_encode
                0x08007220      0x26a ./ThirdParty/libfsp/fsp.o
                0x08007220                fsp_encode
 *fill*         0x0800748a        0x2 
 .text.frame_decode
                0x0800748c      0x12c ./ThirdParty/libfsp/fsp.o
                0x0800748c                frame_decode
 .text.atoi     0x080075b8        0x8 C:/ST/STM32CubeIDE_1.15.1/STM32CubeIDE/plugins/com.st.stm32cube.ide.mcu.externaltools.gnu-tools-for-stm32.12.3.rel1.win32_1.0.100.202403111256/tools/bin/../lib/gcc/arm-none-eabi/12.3.1/../../../../arm-none-eabi/lib/thumb/v7e-m+fp/hard\libc_nano.a(libc_a-atoi.o)
                0x080075b8                atoi
 .text._strtol_l.constprop.0
                0x080075c0       0xf4 C:/ST/STM32CubeIDE_1.15.1/STM32CubeIDE/plugins/com.st.stm32cube.ide.mcu.externaltools.gnu-tools-for-stm32.12.3.rel1.win32_1.0.100.202403111256/tools/bin/../lib/gcc/arm-none-eabi/12.3.1/../../../../arm-none-eabi/lib/thumb/v7e-m+fp/hard\libc_nano.a(libc_a-strtol.o)
 .text.strtol   0x080076b4       0x14 C:/ST/STM32CubeIDE_1.15.1/STM32CubeIDE/plugins/com.st.stm32cube.ide.mcu.externaltools.gnu-tools-for-stm32.12.3.rel1.win32_1.0.100.202403111256/tools/bin/../lib/gcc/arm-none-eabi/12.3.1/../../../../arm-none-eabi/lib/thumb/v7e-m+fp/hard\libc_nano.a(libc_a-strtol.o)
                0x080076b4                strtol
 .text.memset   0x080076c8       0x10 C:/ST/STM32CubeIDE_1.15.1/STM32CubeIDE/plugins/com.st.stm32cube.ide.mcu.externaltools.gnu-tools-for-stm32.12.3.rel1.win32_1.0.100.202403111256/tools/bin/../lib/gcc/arm-none-eabi/12.3.1/../../../../arm-none-eabi/lib/thumb/v7e-m+fp/hard\libc_nano.a(libc_a-memset.o)
                0x080076c8                memset
 .text.__errno  0x080076d8        0xc C:/ST/STM32CubeIDE_1.15.1/STM32CubeIDE/plugins/com.st.stm32cube.ide.mcu.externaltools.gnu-tools-for-stm32.12.3.rel1.win32_1.0.100.202403111256/tools/bin/../lib/gcc/arm-none-eabi/12.3.1/../../../../arm-none-eabi/lib/thumb/v7e-m+fp/hard\libc_nano.a(libc_a-errno.o)
                0x080076d8                __errno
 .text.__libc_init_array
                0x080076e4       0x48 C:/ST/STM32CubeIDE_1.15.1/STM32CubeIDE/plugins/com.st.stm32cube.ide.mcu.externaltools.gnu-tools-for-stm32.12.3.rel1.win32_1.0.100.202403111256/tools/bin/../lib/gcc/arm-none-eabi/12.3.1/../../../../arm-none-eabi/lib/thumb/v7e-m+fp/hard\libc_nano.a(libc_a-init.o)
                0x080076e4                __libc_init_array
 *(.glue_7)
 .glue_7        0x0800772c        0x0 linker stubs
 *(.glue_7t)
 .glue_7t       0x0800772c        0x0 linker stubs
 *(.eh_frame)
 .eh_frame      0x0800772c        0x0 C:/ST/STM32CubeIDE_1.15.1/STM32CubeIDE/plugins/com.st.stm32cube.ide.mcu.externaltools.gnu-tools-for-stm32.12.3.rel1.win32_1.0.100.202403111256/tools/bin/../lib/gcc/arm-none-eabi/12.3.1/thumb/v7e-m+fp/hard/crtbegin.o
 *(.init)
 .init          0x0800772c        0x4 C:/ST/STM32CubeIDE_1.15.1/STM32CubeIDE/plugins/com.st.stm32cube.ide.mcu.externaltools.gnu-tools-for-stm32.12.3.rel1.win32_1.0.100.202403111256/tools/bin/../lib/gcc/arm-none-eabi/12.3.1/thumb/v7e-m+fp/hard/crti.o
                0x0800772c                _init
 .init          0x08007730        0x8 C:/ST/STM32CubeIDE_1.15.1/STM32CubeIDE/plugins/com.st.stm32cube.ide.mcu.externaltools.gnu-tools-for-stm32.12.3.rel1.win32_1.0.100.202403111256/tools/bin/../lib/gcc/arm-none-eabi/12.3.1/thumb/v7e-m+fp/hard/crtn.o
 *(.fini)
 .fini          0x08007738        0x4 C:/ST/STM32CubeIDE_1.15.1/STM32CubeIDE/plugins/com.st.stm32cube.ide.mcu.externaltools.gnu-tools-for-stm32.12.3.rel1.win32_1.0.100.202403111256/tools/bin/../lib/gcc/arm-none-eabi/12.3.1/thumb/v7e-m+fp/hard/crti.o
                0x08007738                _fini
 .fini          0x0800773c        0x8 C:/ST/STM32CubeIDE_1.15.1/STM32CubeIDE/plugins/com.st.stm32cube.ide.mcu.externaltools.gnu-tools-for-stm32.12.3.rel1.win32_1.0.100.202403111256/tools/bin/../lib/gcc/arm-none-eabi/12.3.1/thumb/v7e-m+fp/hard/crtn.o
                0x08007744                        . = ALIGN (0x4)
                0x08007744                        _etext = .

.vfp11_veneer   0x08007744        0x0
 .vfp11_veneer  0x08007744        0x0 linker stubs

.v4_bx          0x08007744        0x0
 .v4_bx         0x08007744        0x0 linker stubs

.iplt           0x08007744        0x0
 .iplt          0x08007744        0x0 C:/ST/STM32CubeIDE_1.15.1/STM32CubeIDE/plugins/com.st.stm32cube.ide.mcu.externaltools.gnu-tools-for-stm32.12.3.rel1.win32_1.0.100.202403111256/tools/bin/../lib/gcc/arm-none-eabi/12.3.1/thumb/v7e-m+fp/hard/crtbegin.o

.rodata         0x08007744      0x960
                0x08007744                        . = ALIGN (0x4)
 *(.rodata)
 .rodata        0x08007744       0x1e ./BSP/UART/uart.o
 *fill*         0x08007762        0x2 
 .rodata        0x08007764      0x78c ./Core/CMDLine/command.o
 .rodata        0x08007ef0       0x69 ./Core/COPC/copc.o
 *fill*         0x08007f59        0x3 
 .rodata        0x08007f5c        0xa ./Core/Devices/LT8722/lt8722.o
 *(.rodata*)
 *fill*         0x08007f66        0x2 
 .rodata.STREAM_OFFSET_TAB
                0x08007f68        0x8 ./Core/Devices/NTC/ntc.o
 .rodata.STREAM_OFFSET_TAB
                0x08007f70        0x8 ./Core/Src/main.o
 .rodata.OFFSET_TAB_CCMRx
                0x08007f78        0x7 ./Core/Src/main.o
 *fill*         0x08007f7f        0x1 
 .rodata.SHIFT_TAB_OCxx
                0x08007f80        0x7 ./Core/Src/main.o
 *fill*         0x08007f87        0x1 
 .rodata.AHBPrescTable
                0x08007f88       0x10 ./Core/Src/system_stm32f4xx.o
                0x08007f88                AHBPrescTable
 .rodata.APBPrescTable
                0x08007f98        0x8 ./Core/Src/system_stm32f4xx.o
                0x08007f98                APBPrescTable
 .rodata._ctype_
                0x08007fa0      0x101 C:/ST/STM32CubeIDE_1.15.1/STM32CubeIDE/plugins/com.st.stm32cube.ide.mcu.externaltools.gnu-tools-for-stm32.12.3.rel1.win32_1.0.100.202403111256/tools/bin/../lib/gcc/arm-none-eabi/12.3.1/../../../../arm-none-eabi/lib/thumb/v7e-m+fp/hard\libc_nano.a(libc_a-ctype_.o)
                0x08007fa0                _ctype_
                0x080080a4                        . = ALIGN (0x4)
 *fill*         0x080080a1        0x3 

.ARM.extab      0x080080a4        0x0
                0x080080a4                        . = ALIGN (0x4)
 *(.ARM.extab* .gnu.linkonce.armextab.*)
                0x080080a4                        . = ALIGN (0x4)

.ARM            0x080080a4        0x8
                0x080080a4                        . = ALIGN (0x4)
                0x080080a4                        __exidx_start = .
 *(.ARM.exidx*)
 .ARM.exidx     0x080080a4        0x8 C:/ST/STM32CubeIDE_1.15.1/STM32CubeIDE/plugins/com.st.stm32cube.ide.mcu.externaltools.gnu-tools-for-stm32.12.3.rel1.win32_1.0.100.202403111256/tools/bin/../lib/gcc/arm-none-eabi/12.3.1/../../../../arm-none-eabi/lib/thumb/v7e-m+fp/hard\libc_nano.a(libc_a-strcmp.o)
 .ARM.exidx     0x080080ac        0x0 C:/ST/STM32CubeIDE_1.15.1/STM32CubeIDE/plugins/com.st.stm32cube.ide.mcu.externaltools.gnu-tools-for-stm32.12.3.rel1.win32_1.0.100.202403111256/tools/bin/../lib/gcc/arm-none-eabi/12.3.1/../../../../arm-none-eabi/lib/thumb/v7e-m+fp/hard\libc_nano.a(libc_a-strlen.o)
                                  0x8 (size before relaxing)
 .ARM.exidx     0x080080ac        0x0 C:/ST/STM32CubeIDE_1.15.1/STM32CubeIDE/plugins/com.st.stm32cube.ide.mcu.externaltools.gnu-tools-for-stm32.12.3.rel1.win32_1.0.100.202403111256/tools/bin/../lib/gcc/arm-none-eabi/12.3.1/thumb/v7e-m+fp/hard\libgcc.a(_udivmoddi4.o)
                                  0x8 (size before relaxing)
                0x080080ac                        __exidx_end = .
                0x080080ac                        . = ALIGN (0x4)

.preinit_array  0x080080ac        0x0
                0x080080ac                        . = ALIGN (0x4)
                0x080080ac                        PROVIDE (__preinit_array_start = .)
 *(.preinit_array*)
                0x080080ac                        PROVIDE (__preinit_array_end = .)
                0x080080ac                        . = ALIGN (0x4)

.init_array     0x080080ac        0x4
                0x080080ac                        . = ALIGN (0x4)
                0x080080ac                        PROVIDE (__init_array_start = .)
 *(SORT_BY_NAME(.init_array.*))
 *(.init_array*)
 .init_array    0x080080ac        0x4 C:/ST/STM32CubeIDE_1.15.1/STM32CubeIDE/plugins/com.st.stm32cube.ide.mcu.externaltools.gnu-tools-for-stm32.12.3.rel1.win32_1.0.100.202403111256/tools/bin/../lib/gcc/arm-none-eabi/12.3.1/thumb/v7e-m+fp/hard/crtbegin.o
                0x080080b0                        PROVIDE (__init_array_end = .)
                0x080080b0                        . = ALIGN (0x4)

.fini_array     0x080080b0        0x4
                0x080080b0                        . = ALIGN (0x4)
                [!provide]                        PROVIDE (__fini_array_start = .)
 *(SORT_BY_NAME(.fini_array.*))
 *(.fini_array*)
 .fini_array    0x080080b0        0x4 C:/ST/STM32CubeIDE_1.15.1/STM32CubeIDE/plugins/com.st.stm32cube.ide.mcu.externaltools.gnu-tools-for-stm32.12.3.rel1.win32_1.0.100.202403111256/tools/bin/../lib/gcc/arm-none-eabi/12.3.1/thumb/v7e-m+fp/hard/crtbegin.o
                [!provide]                        PROVIDE (__fini_array_end = .)
                0x080080b4                        . = ALIGN (0x4)
                0x080080b4                        _sidata = LOADADDR (.data)

.rel.dyn        0x080080b4        0x0
 .rel.iplt      0x080080b4        0x0 C:/ST/STM32CubeIDE_1.15.1/STM32CubeIDE/plugins/com.st.stm32cube.ide.mcu.externaltools.gnu-tools-for-stm32.12.3.rel1.win32_1.0.100.202403111256/tools/bin/../lib/gcc/arm-none-eabi/12.3.1/thumb/v7e-m+fp/hard/crtbegin.o

.data           0x20000000      0x2e4 load address 0x080080b4
                0x20000000                        . = ALIGN (0x4)
                0x20000000                        _sdata = .
 *(.data)
 *(.data*)
 .data.ErrorCode
                0x20000000       0x18 ./Core/CMDLine/command.o
                0x20000000                ErrorCode
 .data.g_psCmdTable
                0x20000018      0x15c ./Core/CMDLine/command.o
                0x20000018                g_psCmdTable
 .data.s_CommandTaskContext
                0x20000174       0x14 ./Core/CMDLine/command.o
 .data.s_task_context
                0x20000188       0x18 ./Core/COPC/copc.o
 .data.lt8722_regs
                0x200001a0       0x60 ./Core/Devices/LT8722/lt8722.o
                0x200001a0                lt8722_regs
 .data.s_task_context
                0x20000200       0x18 ./Core/LED/status_led.o
 .data.SystemCoreClock
                0x20000218        0x4 ./Core/Src/system_stm32f4xx.o
                0x20000218                SystemCoreClock
 .data.s_task_context
                0x2000021c       0x18 ./Core/Temperature/temperature.o
 *fill*         0x20000234        0x4 
 .data.s_Temperature_CurrentState
                0x20000238       0x48 ./Core/Temperature/temperature.o
 .data.wdt_task_context
                0x20000280       0x14 ./Core/WDog/watchdog.o
 .data._impure_ptr
                0x20000294        0x4 C:/ST/STM32CubeIDE_1.15.1/STM32CubeIDE/plugins/com.st.stm32cube.ide.mcu.externaltools.gnu-tools-for-stm32.12.3.rel1.win32_1.0.100.202403111256/tools/bin/../lib/gcc/arm-none-eabi/12.3.1/../../../../arm-none-eabi/lib/thumb/v7e-m+fp/hard\libc_nano.a(libc_a-impure.o)
                0x20000294                _impure_ptr
 .data._impure_data
                0x20000298       0x4c C:/ST/STM32CubeIDE_1.15.1/STM32CubeIDE/plugins/com.st.stm32cube.ide.mcu.externaltools.gnu-tools-for-stm32.12.3.rel1.win32_1.0.100.202403111256/tools/bin/../lib/gcc/arm-none-eabi/12.3.1/../../../../arm-none-eabi/lib/thumb/v7e-m+fp/hard\libc_nano.a(libc_a-impure.o)
                0x20000298                _impure_data
 *(.RamFunc)
 *(.RamFunc*)
                0x200002e4                        . = ALIGN (0x4)
                0x200002e4                        _edata = .
                0x08008398                        _siccmram = LOADADDR (.ccmram)

.igot.plt       0x200002e4        0x0 load address 0x08008398
 .igot.plt      0x200002e4        0x0 C:/ST/STM32CubeIDE_1.15.1/STM32CubeIDE/plugins/com.st.stm32cube.ide.mcu.externaltools.gnu-tools-for-stm32.12.3.rel1.win32_1.0.100.202403111256/tools/bin/../lib/gcc/arm-none-eabi/12.3.1/thumb/v7e-m+fp/hard/crtbegin.o

.ccmram         0x10000000        0x0 load address 0x08008398
                0x10000000                        . = ALIGN (0x4)
                0x10000000                        _sccmram = .
 *(.ccmram)
 *(.ccmram*)
                0x10000000                        . = ALIGN (0x4)
                0x10000000                        _eccmram = .
                0x10000000                        . = ALIGN (0x4)

.bss            0x200002e4      0x5f0
                0x200002e4                        _sbss = .
                0x200002e4                        __bss_start__ = _sbss
 *(.bss)
 .bss           0x200002e4       0x1c C:/ST/STM32CubeIDE_1.15.1/STM32CubeIDE/plugins/com.st.stm32cube.ide.mcu.externaltools.gnu-tools-for-stm32.12.3.rel1.win32_1.0.100.202403111256/tools/bin/../lib/gcc/arm-none-eabi/12.3.1/thumb/v7e-m+fp/hard/crtbegin.o
 *(.bss*)
 .bss.g_ppcArgv
                0x20000300       0x24 ./Core/CMDLine/cmdline.o
 .bss.EXP_UART  0x20000324       0x20 ./Core/CMDLine/command.o
                0x20000324                EXP_UART
 .bss.g_EXP_UART_TX_buffer
                0x20000344       0x40 ./Core/CMDLine/command.o
                0x20000344                g_EXP_UART_TX_buffer
 .bss.g_EXP_UART_RX_buffer
                0x20000384       0x40 ./Core/CMDLine/command.o
                0x20000384                g_EXP_UART_RX_buffer
 .bss.CMD_line  0x200003c4        0xc ./Core/CMDLine/command.o
                0x200003c4                CMD_line
 .bss.g_CMD_line_buffer
                0x200003d0       0x40 ./Core/CMDLine/command.o
                0x200003d0                g_CMD_line_buffer
 .bss.COPC_UART
                0x20000410       0x20 ./Core/COPC/copc.o
                0x20000410                COPC_UART
 .bss.g_COPC_UART_TX_buffer
                0x20000430       0x40 ./Core/COPC/copc.o
                0x20000430                g_COPC_UART_TX_buffer
 .bss.g_COPC_UART_RX_buffer
                0x20000470       0x40 ./Core/COPC/copc.o
                0x20000470                g_COPC_UART_RX_buffer
 .bss.s_COPC_FspPacket
                0x200004b0       0x46 ./Core/COPC/copc.o
 *fill*         0x200004f6        0x2 
 .bss.s_EXP_FspPacket
                0x200004f8       0x46 ./Core/COPC/copc.o
 *fill*         0x2000053e        0x2 
 .bss.s_pCOPC_Sfp_Payload
                0x20000540        0x4 ./Core/COPC/copc.o
 .bss.s_pEXP_Sfp_Payload
                0x20000544        0x4 ./Core/COPC/copc.o
 .bss.swap_byte
                0x20000548        0x1 ./Core/COPC/copc.o
                0x20000548                swap_byte
 *fill*         0x20000549        0x3 
 .bss.COPC_RX_Buff
                0x2000054c       0x20 ./Core/COPC/copc.o
                0x2000054c                COPC_RX_Buff
 .bss.receiving
                0x2000056c        0x1 ./Core/COPC/copc.o
                0x2000056c                receiving
 .bss.COPC_RX_Index
                0x2000056d        0x1 ./Core/COPC/copc.o
                0x2000056d                COPC_RX_Index
 *fill*         0x2000056e        0x2 
 .bss.NTC_Temperature
                0x20000570        0x8 ./Core/Devices/NTC/ntc.o
                0x20000570                NTC_Temperature
 .bss.s_led_display_status
                0x20000578        0x1 ./Core/LED/status_led.o
 *fill*         0x20000579        0x3 
 .bss.g_systick_count
                0x2000057c        0x4 ./Core/Src/stm32f4xx_it.o
                0x2000057c                g_systick_count
 .bss.WDT_Current
                0x20000580        0x1 ./Core/WDog/watchdog.o
 *fill*         0x20000581        0x3 
 .bss.s_TaskContext
                0x20000584       0xf0 ./Scheduler/scheduler.o
 .bss.s_NumOfTaskScheduled
                0x20000674        0x1 ./Scheduler/scheduler.o
 *fill*         0x20000675        0x3 
 .bss.s_TimerContext
                0x20000678       0xf0 ./Scheduler/scheduler.o
 .bss.s_NumOfTimers
                0x20000768        0x1 ./Scheduler/scheduler.o
 *fill*         0x20000769        0x3 
 .bss.s_SystemTick
                0x2000076c        0x4 ./Scheduler/scheduler.o
                0x2000076c                s_SystemTick
 .bss.s_SoftTimers
                0x20000770       0x28 ./Scheduler/scheduler.o
                0x20000770                s_SoftTimers
 .bss.fsp_my_adr
                0x20000798        0x1 ./ThirdParty/libfsp/fsp.o
                0x20000798                fsp_my_adr
 .bss.fsp_decode_pos
                0x20000799        0x1 ./ThirdParty/libfsp/fsp.o
                0x20000799                fsp_decode_pos
 *fill*         0x2000079a        0x2 
 .bss.__sf      0x2000079c      0x138 C:/ST/STM32CubeIDE_1.15.1/STM32CubeIDE/plugins/com.st.stm32cube.ide.mcu.externaltools.gnu-tools-for-stm32.12.3.rel1.win32_1.0.100.202403111256/tools/bin/../lib/gcc/arm-none-eabi/12.3.1/../../../../arm-none-eabi/lib/thumb/v7e-m+fp/hard\libc_nano.a(libc_a-findfp.o)
                0x2000079c                __sf
 *(COMMON)
                0x200008d4                        . = ALIGN (0x4)
                0x200008d4                        _ebss = .
                0x200008d4                        __bss_end__ = _ebss

._user_heap_stack
                0x200008d4      0x604
                0x200008d8                        . = ALIGN (0x8)
 *fill*         0x200008d4        0x4 
                [!provide]                        PROVIDE (end = .)
                0x200008d8                        PROVIDE (_end = .)
                0x20000ad8                        . = (. + _Min_Heap_Size)
 *fill*         0x200008d8      0x200 
                0x20000ed8                        . = (. + _Min_Stack_Size)
 *fill*         0x20000ad8      0x400 
                0x20000ed8                        . = ALIGN (0x8)

/DISCARD/
 libc.a(*)
 libm.a(*)
 libgcc.a(*)

.ARM.attributes
                0x00000000       0x30
 *(.ARM.attributes)
 .ARM.attributes
                0x00000000       0x22 C:/ST/STM32CubeIDE_1.15.1/STM32CubeIDE/plugins/com.st.stm32cube.ide.mcu.externaltools.gnu-tools-for-stm32.12.3.rel1.win32_1.0.100.202403111256/tools/bin/../lib/gcc/arm-none-eabi/12.3.1/thumb/v7e-m+fp/hard/crti.o
 .ARM.attributes
                0x00000022       0x34 C:/ST/STM32CubeIDE_1.15.1/STM32CubeIDE/plugins/com.st.stm32cube.ide.mcu.externaltools.gnu-tools-for-stm32.12.3.rel1.win32_1.0.100.202403111256/tools/bin/../lib/gcc/arm-none-eabi/12.3.1/thumb/v7e-m+fp/hard/crtbegin.o
 .ARM.attributes
                0x00000056       0x34 ./BSP/Delay/delay.o
 .ARM.attributes
                0x0000008a       0x34 ./BSP/SysTick/systick.o
 .ARM.attributes
                0x000000be       0x34 ./BSP/UART/uart.o
 .ARM.attributes
                0x000000f2       0x34 ./Core/CMDLine/cmdline.o
 .ARM.attributes
                0x00000126       0x34 ./Core/CMDLine/command.o
 .ARM.attributes
                0x0000015a       0x34 ./Core/COPC/copc.o
 .ARM.attributes
                0x0000018e       0x34 ./Core/Devices/BMP390/bmp390.o
 .ARM.attributes
                0x000001c2       0x34 ./Core/Devices/Heater/heater.o
 .ARM.attributes
                0x000001f6       0x34 ./Core/Devices/LT8722/lt8722.o
 .ARM.attributes
                0x0000022a       0x34 ./Core/Devices/NTC/ntc.o
 .ARM.attributes
                0x0000025e       0x34 ./Core/LED/status_led.o
 .ARM.attributes
                0x00000292       0x34 ./Core/Src/main.o
 .ARM.attributes
                0x000002c6       0x34 ./Core/Src/stm32f4xx_it.o
 .ARM.attributes
                0x000002fa       0x34 ./Core/Src/system_stm32f4xx.o
 .ARM.attributes
                0x0000032e       0x21 ./Core/Startup/startup_stm32f407vgtx.o
 .ARM.attributes
                0x0000034f       0x34 ./Core/Temperature/temperature.o
 .ARM.attributes
                0x00000383       0x34 ./Core/WDog/watchdog.o
 .ARM.attributes
                0x000003b7       0x34 ./Drivers/STM32F4xx_HAL_Driver/Src/stm32f4xx_ll_adc.o
 .ARM.attributes
                0x000003eb       0x34 ./Drivers/STM32F4xx_HAL_Driver/Src/stm32f4xx_ll_gpio.o
 .ARM.attributes
                0x0000041f       0x34 ./Drivers/STM32F4xx_HAL_Driver/Src/stm32f4xx_ll_i2c.o
 .ARM.attributes
                0x00000453       0x34 ./Drivers/STM32F4xx_HAL_Driver/Src/stm32f4xx_ll_rcc.o
 .ARM.attributes
                0x00000487       0x34 ./Drivers/STM32F4xx_HAL_Driver/Src/stm32f4xx_ll_spi.o
 .ARM.attributes
                0x000004bb       0x34 ./Drivers/STM32F4xx_HAL_Driver/Src/stm32f4xx_ll_tim.o
 .ARM.attributes
                0x000004ef       0x34 ./Drivers/STM32F4xx_HAL_Driver/Src/stm32f4xx_ll_usart.o
 .ARM.attributes
                0x00000523       0x34 ./Drivers/STM32F4xx_HAL_Driver/Src/stm32f4xx_ll_utils.o
 .ARM.attributes
                0x00000557       0x34 ./Scheduler/scheduler.o
 .ARM.attributes
                0x0000058b       0x34 ./ThirdParty/libfsp/crc16.o
 .ARM.attributes
                0x000005bf       0x34 ./ThirdParty/libfsp/fsp.o
 .ARM.attributes
                0x000005f3       0x34 C:/ST/STM32CubeIDE_1.15.1/STM32CubeIDE/plugins/com.st.stm32cube.ide.mcu.externaltools.gnu-tools-for-stm32.12.3.rel1.win32_1.0.100.202403111256/tools/bin/../lib/gcc/arm-none-eabi/12.3.1/../../../../arm-none-eabi/lib/thumb/v7e-m+fp/hard\libc_nano.a(libc_a-atoi.o)
 .ARM.attributes
                0x00000627       0x34 C:/ST/STM32CubeIDE_1.15.1/STM32CubeIDE/plugins/com.st.stm32cube.ide.mcu.externaltools.gnu-tools-for-stm32.12.3.rel1.win32_1.0.100.202403111256/tools/bin/../lib/gcc/arm-none-eabi/12.3.1/../../../../arm-none-eabi/lib/thumb/v7e-m+fp/hard\libc_nano.a(libc_a-strtol.o)
 .ARM.attributes
                0x0000065b       0x34 C:/ST/STM32CubeIDE_1.15.1/STM32CubeIDE/plugins/com.st.stm32cube.ide.mcu.externaltools.gnu-tools-for-stm32.12.3.rel1.win32_1.0.100.202403111256/tools/bin/../lib/gcc/arm-none-eabi/12.3.1/../../../../arm-none-eabi/lib/thumb/v7e-m+fp/hard\libc_nano.a(libc_a-ctype_.o)
 .ARM.attributes
                0x0000068f       0x34 C:/ST/STM32CubeIDE_1.15.1/STM32CubeIDE/plugins/com.st.stm32cube.ide.mcu.externaltools.gnu-tools-for-stm32.12.3.rel1.win32_1.0.100.202403111256/tools/bin/../lib/gcc/arm-none-eabi/12.3.1/../../../../arm-none-eabi/lib/thumb/v7e-m+fp/hard\libc_nano.a(libc_a-findfp.o)
 .ARM.attributes
                0x000006c3       0x34 C:/ST/STM32CubeIDE_1.15.1/STM32CubeIDE/plugins/com.st.stm32cube.ide.mcu.externaltools.gnu-tools-for-stm32.12.3.rel1.win32_1.0.100.202403111256/tools/bin/../lib/gcc/arm-none-eabi/12.3.1/../../../../arm-none-eabi/lib/thumb/v7e-m+fp/hard\libc_nano.a(libc_a-memset.o)
 .ARM.attributes
                0x000006f7       0x34 C:/ST/STM32CubeIDE_1.15.1/STM32CubeIDE/plugins/com.st.stm32cube.ide.mcu.externaltools.gnu-tools-for-stm32.12.3.rel1.win32_1.0.100.202403111256/tools/bin/../lib/gcc/arm-none-eabi/12.3.1/../../../../arm-none-eabi/lib/thumb/v7e-m+fp/hard\libc_nano.a(libc_a-impure.o)
 .ARM.attributes
                0x0000072b       0x34 C:/ST/STM32CubeIDE_1.15.1/STM32CubeIDE/plugins/com.st.stm32cube.ide.mcu.externaltools.gnu-tools-for-stm32.12.3.rel1.win32_1.0.100.202403111256/tools/bin/../lib/gcc/arm-none-eabi/12.3.1/../../../../arm-none-eabi/lib/thumb/v7e-m+fp/hard\libc_nano.a(libc_a-errno.o)
 .ARM.attributes
                0x0000075f       0x34 C:/ST/STM32CubeIDE_1.15.1/STM32CubeIDE/plugins/com.st.stm32cube.ide.mcu.externaltools.gnu-tools-for-stm32.12.3.rel1.win32_1.0.100.202403111256/tools/bin/../lib/gcc/arm-none-eabi/12.3.1/../../../../arm-none-eabi/lib/thumb/v7e-m+fp/hard\libc_nano.a(libc_a-init.o)
 .ARM.attributes
                0x00000793       0x20 C:/ST/STM32CubeIDE_1.15.1/STM32CubeIDE/plugins/com.st.stm32cube.ide.mcu.externaltools.gnu-tools-for-stm32.12.3.rel1.win32_1.0.100.202403111256/tools/bin/../lib/gcc/arm-none-eabi/12.3.1/../../../../arm-none-eabi/lib/thumb/v7e-m+fp/hard\libc_nano.a(libc_a-strcmp.o)
 .ARM.attributes
                0x000007b3       0x17 C:/ST/STM32CubeIDE_1.15.1/STM32CubeIDE/plugins/com.st.stm32cube.ide.mcu.externaltools.gnu-tools-for-stm32.12.3.rel1.win32_1.0.100.202403111256/tools/bin/../lib/gcc/arm-none-eabi/12.3.1/../../../../arm-none-eabi/lib/thumb/v7e-m+fp/hard\libc_nano.a(libc_a-strlen.o)
 .ARM.attributes
                0x000007ca       0x22 C:/ST/STM32CubeIDE_1.15.1/STM32CubeIDE/plugins/com.st.stm32cube.ide.mcu.externaltools.gnu-tools-for-stm32.12.3.rel1.win32_1.0.100.202403111256/tools/bin/../lib/gcc/arm-none-eabi/12.3.1/thumb/v7e-m+fp/hard\libgcc.a(_aeabi_ldivmod.o)
 .ARM.attributes
                0x000007ec       0x22 C:/ST/STM32CubeIDE_1.15.1/STM32CubeIDE/plugins/com.st.stm32cube.ide.mcu.externaltools.gnu-tools-for-stm32.12.3.rel1.win32_1.0.100.202403111256/tools/bin/../lib/gcc/arm-none-eabi/12.3.1/thumb/v7e-m+fp/hard\libgcc.a(_aeabi_uldivmod.o)
 .ARM.attributes
                0x0000080e       0x34 C:/ST/STM32CubeIDE_1.15.1/STM32CubeIDE/plugins/com.st.stm32cube.ide.mcu.externaltools.gnu-tools-for-stm32.12.3.rel1.win32_1.0.100.202403111256/tools/bin/../lib/gcc/arm-none-eabi/12.3.1/thumb/v7e-m+fp/hard\libgcc.a(_udivmoddi4.o)
 .ARM.attributes
                0x00000842       0x22 C:/ST/STM32CubeIDE_1.15.1/STM32CubeIDE/plugins/com.st.stm32cube.ide.mcu.externaltools.gnu-tools-for-stm32.12.3.rel1.win32_1.0.100.202403111256/tools/bin/../lib/gcc/arm-none-eabi/12.3.1/thumb/v7e-m+fp/hard\libgcc.a(_dvmd_tls.o)
 .ARM.attributes
                0x00000864       0x22 C:/ST/STM32CubeIDE_1.15.1/STM32CubeIDE/plugins/com.st.stm32cube.ide.mcu.externaltools.gnu-tools-for-stm32.12.3.rel1.win32_1.0.100.202403111256/tools/bin/../lib/gcc/arm-none-eabi/12.3.1/thumb/v7e-m+fp/hard/crtn.o
OUTPUT(exp_test.elf elf32-littlearm)
LOAD linker stubs
LOAD C:/ST/STM32CubeIDE_1.15.1/STM32CubeIDE/plugins/com.st.stm32cube.ide.mcu.externaltools.gnu-tools-for-stm32.12.3.rel1.win32_1.0.100.202403111256/tools/bin/../lib/gcc/arm-none-eabi/12.3.1/../../../../arm-none-eabi/lib/thumb/v7e-m+fp/hard\libc.a
LOAD C:/ST/STM32CubeIDE_1.15.1/STM32CubeIDE/plugins/com.st.stm32cube.ide.mcu.externaltools.gnu-tools-for-stm32.12.3.rel1.win32_1.0.100.202403111256/tools/bin/../lib/gcc/arm-none-eabi/12.3.1/../../../../arm-none-eabi/lib/thumb/v7e-m+fp/hard\libm.a
LOAD C:/ST/STM32CubeIDE_1.15.1/STM32CubeIDE/plugins/com.st.stm32cube.ide.mcu.externaltools.gnu-tools-for-stm32.12.3.rel1.win32_1.0.100.202403111256/tools/bin/../lib/gcc/arm-none-eabi/12.3.1/thumb/v7e-m+fp/hard\libgcc.a

.debug_info     0x00000000     0xf04c
 .debug_info    0x00000000      0x14c ./BSP/Delay/delay.o
 .debug_info    0x0000014c      0x676 ./BSP/SysTick/systick.o
 .debug_info    0x000007c2      0xd27 ./BSP/UART/uart.o
 .debug_info    0x000014e9      0x310 ./Core/CMDLine/cmdline.o
 .debug_info    0x000017f9     0x1740 ./Core/CMDLine/command.o
 .debug_info    0x00002f39     0x1b25 ./Core/COPC/copc.o
 .debug_info    0x00004a5e      0x162 ./Core/Devices/BMP390/bmp390.o
 .debug_info    0x00004bc0      0x36a ./Core/Devices/Heater/heater.o
 .debug_info    0x00004f2a      0xdb8 ./Core/Devices/LT8722/lt8722.o
 .debug_info    0x00005ce2      0x43a ./Core/Devices/NTC/ntc.o
 .debug_info    0x0000611c      0x5f6 ./Core/LED/status_led.o
 .debug_info    0x00006712     0x2201 ./Core/Src/main.o
 .debug_info    0x00008913      0x232 ./Core/Src/stm32f4xx_it.o
 .debug_info    0x00008b45      0x50b ./Core/Src/system_stm32f4xx.o
 .debug_info    0x00009050       0x30 ./Core/Startup/startup_stm32f407vgtx.o
 .debug_info    0x00009080      0x724 ./Core/Temperature/temperature.o
 .debug_info    0x000097a4      0x4f4 ./Core/WDog/watchdog.o
 .debug_info    0x00009c98      0x88f ./Drivers/STM32F4xx_HAL_Driver/Src/stm32f4xx_ll_adc.o
 .debug_info    0x0000a527      0x920 ./Drivers/STM32F4xx_HAL_Driver/Src/stm32f4xx_ll_gpio.o
 .debug_info    0x0000ae47      0x5e1 ./Drivers/STM32F4xx_HAL_Driver/Src/stm32f4xx_ll_i2c.o
 .debug_info    0x0000b428      0x744 ./Drivers/STM32F4xx_HAL_Driver/Src/stm32f4xx_ll_rcc.o
 .debug_info    0x0000bb6c      0x783 ./Drivers/STM32F4xx_HAL_Driver/Src/stm32f4xx_ll_spi.o
 .debug_info    0x0000c2ef      0xf40 ./Drivers/STM32F4xx_HAL_Driver/Src/stm32f4xx_ll_tim.o
 .debug_info    0x0000d22f      0x6eb ./Drivers/STM32F4xx_HAL_Driver/Src/stm32f4xx_ll_usart.o
 .debug_info    0x0000d91a      0x8f5 ./Drivers/STM32F4xx_HAL_Driver/Src/stm32f4xx_ll_utils.o
 .debug_info    0x0000e20f      0x868 ./Scheduler/scheduler.o
 .debug_info    0x0000ea77      0x103 ./ThirdParty/libfsp/crc16.o
 .debug_info    0x0000eb7a      0x4d2 ./ThirdParty/libfsp/fsp.o

.debug_abbrev   0x00000000     0x34c3
 .debug_abbrev  0x00000000       0xf4 ./BSP/Delay/delay.o
 .debug_abbrev  0x000000f4      0x18e ./BSP/SysTick/systick.o
 .debug_abbrev  0x00000282      0x346 ./BSP/UART/uart.o
 .debug_abbrev  0x000005c8      0x14a ./Core/CMDLine/cmdline.o
 .debug_abbrev  0x00000712      0x3c5 ./Core/CMDLine/command.o
 .debug_abbrev  0x00000ad7      0x3bf ./Core/COPC/copc.o
 .debug_abbrev  0x00000e96       0x80 ./Core/Devices/BMP390/bmp390.o
 .debug_abbrev  0x00000f16      0x12c ./Core/Devices/Heater/heater.o
 .debug_abbrev  0x00001042      0x2d2 ./Core/Devices/LT8722/lt8722.o
 .debug_abbrev  0x00001314      0x1de ./Core/Devices/NTC/ntc.o
 .debug_abbrev  0x000014f2      0x1da ./Core/LED/status_led.o
 .debug_abbrev  0x000016cc      0x36c ./Core/Src/main.o
 .debug_abbrev  0x00001a38       0xdd ./Core/Src/stm32f4xx_it.o
 .debug_abbrev  0x00001b15      0x11a ./Core/Src/system_stm32f4xx.o
 .debug_abbrev  0x00001c2f       0x24 ./Core/Startup/startup_stm32f407vgtx.o
 .debug_abbrev  0x00001c53      0x217 ./Core/Temperature/temperature.o
 .debug_abbrev  0x00001e6a      0x1b0 ./Core/WDog/watchdog.o
 .debug_abbrev  0x0000201a      0x1a8 ./Drivers/STM32F4xx_HAL_Driver/Src/stm32f4xx_ll_adc.o
 .debug_abbrev  0x000021c2      0x237 ./Drivers/STM32F4xx_HAL_Driver/Src/stm32f4xx_ll_gpio.o
 .debug_abbrev  0x000023f9      0x1b3 ./Drivers/STM32F4xx_HAL_Driver/Src/stm32f4xx_ll_i2c.o
 .debug_abbrev  0x000025ac      0x1ed ./Drivers/STM32F4xx_HAL_Driver/Src/stm32f4xx_ll_rcc.o
 .debug_abbrev  0x00002799      0x217 ./Drivers/STM32F4xx_HAL_Driver/Src/stm32f4xx_ll_spi.o
 .debug_abbrev  0x000029b0      0x20f ./Drivers/STM32F4xx_HAL_Driver/Src/stm32f4xx_ll_tim.o
 .debug_abbrev  0x00002bbf      0x1f2 ./Drivers/STM32F4xx_HAL_Driver/Src/stm32f4xx_ll_usart.o
 .debug_abbrev  0x00002db1      0x223 ./Drivers/STM32F4xx_HAL_Driver/Src/stm32f4xx_ll_utils.o
 .debug_abbrev  0x00002fd4      0x262 ./Scheduler/scheduler.o
 .debug_abbrev  0x00003236       0x86 ./ThirdParty/libfsp/crc16.o
 .debug_abbrev  0x000032bc      0x207 ./ThirdParty/libfsp/fsp.o

.debug_aranges  0x00000000     0x1050
 .debug_aranges
                0x00000000       0x28 ./BSP/Delay/delay.o
 .debug_aranges
                0x00000028       0x40 ./BSP/SysTick/systick.o
 .debug_aranges
                0x00000068       0xb0 ./BSP/UART/uart.o
 .debug_aranges
                0x00000118       0x20 ./Core/CMDLine/cmdline.o
 .debug_aranges
                0x00000138      0x150 ./Core/CMDLine/command.o
 .debug_aranges
                0x00000288       0xf0 ./Core/COPC/copc.o
 .debug_aranges
                0x00000378       0x20 ./Core/Devices/BMP390/bmp390.o
 .debug_aranges
                0x00000398       0x40 ./Core/Devices/Heater/heater.o
 .debug_aranges
                0x000003d8      0x148 ./Core/Devices/LT8722/lt8722.o
 .debug_aranges
                0x00000520       0x48 ./Core/Devices/NTC/ntc.o
 .debug_aranges
                0x00000568       0x78 ./Core/LED/status_led.o
 .debug_aranges
                0x000005e0      0x1e8 ./Core/Src/main.o
 .debug_aranges
                0x000007c8       0x78 ./Core/Src/stm32f4xx_it.o
 .debug_aranges
                0x00000840       0x28 ./Core/Src/system_stm32f4xx.o
 .debug_aranges
                0x00000868       0x28 ./Core/Startup/startup_stm32f407vgtx.o
 .debug_aranges
                0x00000890       0x88 ./Core/Temperature/temperature.o
 .debug_aranges
                0x00000918       0x40 ./Core/WDog/watchdog.o
 .debug_aranges
                0x00000958       0xa8 ./Drivers/STM32F4xx_HAL_Driver/Src/stm32f4xx_ll_adc.o
 .debug_aranges
                0x00000a00       0x70 ./Drivers/STM32F4xx_HAL_Driver/Src/stm32f4xx_ll_gpio.o
 .debug_aranges
                0x00000a70       0x70 ./Drivers/STM32F4xx_HAL_Driver/Src/stm32f4xx_ll_i2c.o
 .debug_aranges
                0x00000ae0      0x118 ./Drivers/STM32F4xx_HAL_Driver/Src/stm32f4xx_ll_rcc.o
 .debug_aranges
                0x00000bf8       0x90 ./Drivers/STM32F4xx_HAL_Driver/Src/stm32f4xx_ll_spi.o
 .debug_aranges
                0x00000c88      0x128 ./Drivers/STM32F4xx_HAL_Driver/Src/stm32f4xx_ll_tim.o
 .debug_aranges
                0x00000db0       0x88 ./Drivers/STM32F4xx_HAL_Driver/Src/stm32f4xx_ll_usart.o
 .debug_aranges
                0x00000e38       0xf8 ./Drivers/STM32F4xx_HAL_Driver/Src/stm32f4xx_ll_utils.o
 .debug_aranges
                0x00000f30       0x90 ./Scheduler/scheduler.o
 .debug_aranges
                0x00000fc0       0x20 ./ThirdParty/libfsp/crc16.o
 .debug_aranges
                0x00000fe0       0x70 ./ThirdParty/libfsp/fsp.o

.debug_rnglists
                0x00000000      0xc05
 .debug_rnglists
                0x00000000       0x19 ./BSP/Delay/delay.o
 .debug_rnglists
                0x00000019       0x2b ./BSP/SysTick/systick.o
 .debug_rnglists
                0x00000044       0x83 ./BSP/UART/uart.o
 .debug_rnglists
                0x000000c7       0x14 ./Core/CMDLine/cmdline.o
 .debug_rnglists
                0x000000db      0x103 ./Core/CMDLine/command.o
 .debug_rnglists
                0x000001de       0xba ./Core/COPC/copc.o
 .debug_rnglists
                0x00000298       0x13 ./Core/Devices/BMP390/bmp390.o
 .debug_rnglists
                0x000002ab       0x2b ./Core/Devices/Heater/heater.o
 .debug_rnglists
                0x000002d6       0xf5 ./Core/Devices/LT8722/lt8722.o
 .debug_rnglists
                0x000003cb       0x31 ./Core/Devices/NTC/ntc.o
 .debug_rnglists
                0x000003fc       0x57 ./Core/LED/status_led.o
 .debug_rnglists
                0x00000453      0x174 ./Core/Src/main.o
 .debug_rnglists
                0x000005c7       0x55 ./Core/Src/stm32f4xx_it.o
 .debug_rnglists
                0x0000061c       0x1a ./Core/Src/system_stm32f4xx.o
 .debug_rnglists
                0x00000636       0x19 ./Core/Startup/startup_stm32f407vgtx.o
 .debug_rnglists
                0x0000064f       0x65 ./Core/Temperature/temperature.o
 .debug_rnglists
                0x000006b4       0x2b ./Core/WDog/watchdog.o
 .debug_rnglists
                0x000006df       0x7d ./Drivers/STM32F4xx_HAL_Driver/Src/stm32f4xx_ll_adc.o
 .debug_rnglists
                0x0000075c       0x51 ./Drivers/STM32F4xx_HAL_Driver/Src/stm32f4xx_ll_gpio.o
 .debug_rnglists
                0x000007ad       0x50 ./Drivers/STM32F4xx_HAL_Driver/Src/stm32f4xx_ll_i2c.o
 .debug_rnglists
                0x000007fd       0xce ./Drivers/STM32F4xx_HAL_Driver/Src/stm32f4xx_ll_rcc.o
 .debug_rnglists
                0x000008cb       0x6a ./Drivers/STM32F4xx_HAL_Driver/Src/stm32f4xx_ll_spi.o
 .debug_rnglists
                0x00000935       0xe4 ./Drivers/STM32F4xx_HAL_Driver/Src/stm32f4xx_ll_tim.o
 .debug_rnglists
                0x00000a19       0x64 ./Drivers/STM32F4xx_HAL_Driver/Src/stm32f4xx_ll_usart.o
 .debug_rnglists
                0x00000a7d       0xb8 ./Drivers/STM32F4xx_HAL_Driver/Src/stm32f4xx_ll_utils.o
 .debug_rnglists
                0x00000b35       0x6a ./Scheduler/scheduler.o
 .debug_rnglists
                0x00000b9f       0x13 ./ThirdParty/libfsp/crc16.o
 .debug_rnglists
                0x00000bb2       0x53 ./ThirdParty/libfsp/fsp.o

.debug_macro    0x00000000    0x2124c
 .debug_macro   0x00000000       0xf0 ./BSP/Delay/delay.o
 .debug_macro   0x000000f0      0xaf6 ./BSP/Delay/delay.o
 .debug_macro   0x00000be6       0x22 ./BSP/Delay/delay.o
 .debug_macro   0x00000c08       0x8e ./BSP/Delay/delay.o
 .debug_macro   0x00000c96       0x51 ./BSP/Delay/delay.o
 .debug_macro   0x00000ce7      0x103 ./BSP/Delay/delay.o
 .debug_macro   0x00000dea       0x6a ./BSP/Delay/delay.o
 .debug_macro   0x00000e54      0x1df ./BSP/Delay/delay.o
 .debug_macro   0x00001033       0x2e ./BSP/Delay/delay.o
 .debug_macro   0x00001061       0x2f ./BSP/Delay/delay.o
 .debug_macro   0x00001090       0x1c ./BSP/Delay/delay.o
 .debug_macro   0x000010ac       0x22 ./BSP/Delay/delay.o
 .debug_macro   0x000010ce       0xfb ./BSP/Delay/delay.o
 .debug_macro   0x000011c9     0x1011 ./BSP/Delay/delay.o
 .debug_macro   0x000021da      0x11f ./BSP/Delay/delay.o
 .debug_macro   0x000022f9    0x15e97 ./BSP/Delay/delay.o
 .debug_macro   0x00018190       0x6d ./BSP/Delay/delay.o
 .debug_macro   0x000181fd       0x5b ./BSP/Delay/delay.o
 .debug_macro   0x00018258      0x1a6 ./BSP/Delay/delay.o
 .debug_macro   0x000183fe       0xd8 ./BSP/SysTick/systick.o
 .debug_macro   0x000184d6      0x1ff ./BSP/UART/uart.o
 .debug_macro   0x000186d5       0x5b ./BSP/UART/uart.o
 .debug_macro   0x00018730       0x2a ./BSP/UART/uart.o
 .debug_macro   0x0001875a       0x94 ./BSP/UART/uart.o
 .debug_macro   0x000187ee       0x43 ./BSP/UART/uart.o
 .debug_macro   0x00018831       0x34 ./BSP/UART/uart.o
 .debug_macro   0x00018865      0x189 ./BSP/UART/uart.o
 .debug_macro   0x000189ee       0x16 ./BSP/UART/uart.o
 .debug_macro   0x00018a04       0x43 ./BSP/UART/uart.o
 .debug_macro   0x00018a47       0x57 ./BSP/UART/uart.o
 .debug_macro   0x00018a9e       0x34 ./BSP/UART/uart.o
 .debug_macro   0x00018ad2       0x10 ./BSP/UART/uart.o
 .debug_macro   0x00018ae2       0x58 ./BSP/UART/uart.o
 .debug_macro   0x00018b3a       0x8e ./BSP/UART/uart.o
 .debug_macro   0x00018bc8       0x1c ./BSP/UART/uart.o
 .debug_macro   0x00018be4      0x177 ./BSP/UART/uart.o
 .debug_macro   0x00018d5b      0x369 ./BSP/UART/uart.o
 .debug_macro   0x000190c4       0x10 ./BSP/UART/uart.o
 .debug_macro   0x000190d4       0x35 ./BSP/UART/uart.o
 .debug_macro   0x00019109       0x20 ./BSP/UART/uart.o
 .debug_macro   0x00019129       0x16 ./BSP/UART/uart.o
 .debug_macro   0x0001913f       0x16 ./BSP/UART/uart.o
 .debug_macro   0x00019155       0x29 ./BSP/UART/uart.o
 .debug_macro   0x0001917e       0x58 ./BSP/UART/uart.o
 .debug_macro   0x000191d6       0x22 ./BSP/UART/uart.o
 .debug_macro   0x000191f8      0x1b5 ./BSP/UART/uart.o
 .debug_macro   0x000193ad       0x58 ./BSP/UART/uart.o
 .debug_macro   0x00019405      0x255 ./Core/CMDLine/cmdline.o
 .debug_macro   0x0001965a       0x61 ./Core/CMDLine/cmdline.o
 .debug_macro   0x000196bb      0xb55 ./Core/CMDLine/cmdline.o
 .debug_macro   0x0001a210      0x1e6 ./Core/CMDLine/cmdline.o
 .debug_macro   0x0001a3f6      0x16d ./Core/CMDLine/cmdline.o
 .debug_macro   0x0001a563      0x781 ./Core/CMDLine/cmdline.o
 .debug_macro   0x0001ace4      0x1d5 ./Core/CMDLine/cmdline.o
 .debug_macro   0x0001aeb9      0x20a ./Core/CMDLine/cmdline.o
 .debug_macro   0x0001b0c3       0xe8 ./Core/CMDLine/cmdline.o
 .debug_macro   0x0001b1ab       0xaa ./Core/CMDLine/cmdline.o
 .debug_macro   0x0001b255      0x23b ./Core/CMDLine/cmdline.o
 .debug_macro   0x0001b490      0x5f3 ./Core/CMDLine/cmdline.o
 .debug_macro   0x0001ba83      0x1bb ./Core/CMDLine/cmdline.o
 .debug_macro   0x0001bc3e      0x149 ./Core/CMDLine/cmdline.o
 .debug_macro   0x0001bd87      0x1b4 ./Core/CMDLine/cmdline.o
 .debug_macro   0x0001bf3b       0x2e ./Core/CMDLine/cmdline.o
 .debug_macro   0x0001bf69       0x5e ./Core/CMDLine/cmdline.o
 .debug_macro   0x0001bfc7      0x327 ./Core/CMDLine/command.o
 .debug_macro   0x0001c2ee       0x10 ./Core/CMDLine/command.o
 .debug_macro   0x0001c2fe       0x28 ./Core/CMDLine/command.o
 .debug_macro   0x0001c326       0x1c ./Core/CMDLine/command.o
 .debug_macro   0x0001c342       0x1c ./Core/CMDLine/command.o
 .debug_macro   0x0001c35e      0x1f1 ./Core/CMDLine/command.o
 .debug_macro   0x0001c54f       0x1c ./Core/CMDLine/command.o
 .debug_macro   0x0001c56b       0x10 ./Core/CMDLine/command.o
 .debug_macro   0x0001c57b       0x1c ./Core/CMDLine/command.o
 .debug_macro   0x0001c597       0x16 ./Core/CMDLine/command.o
 .debug_macro   0x0001c5ad      0x146 ./Core/CMDLine/command.o
 .debug_macro   0x0001c6f3       0x16 ./Core/CMDLine/command.o
 .debug_macro   0x0001c709      0x2b7 ./Core/COPC/copc.o
 .debug_macro   0x0001c9c0       0x78 ./Core/COPC/copc.o
 .debug_macro   0x0001ca38       0x2e ./Core/COPC/copc.o
 .debug_macro   0x0001ca66      0x166 ./Core/COPC/copc.o
 .debug_macro   0x0001cbcc      0x16b ./Core/Devices/BMP390/bmp390.o
 .debug_macro   0x0001cd37      0x16b ./Core/Devices/Heater/heater.o
 .debug_macro   0x0001cea2      0x28a ./Core/Devices/LT8722/lt8722.o
 .debug_macro   0x0001d12c      0x235 ./Core/Devices/LT8722/lt8722.o
 .debug_macro   0x0001d361      0x1eb ./Core/Devices/LT8722/lt8722.o
 .debug_macro   0x0001d54c      0xb5b ./Core/Devices/LT8722/lt8722.o
 .debug_macro   0x0001e0a7      0x203 ./Core/Devices/NTC/ntc.o
 .debug_macro   0x0001e2aa       0x10 ./Core/Devices/NTC/ntc.o
 .debug_macro   0x0001e2ba       0x16 ./Core/Devices/NTC/ntc.o
 .debug_macro   0x0001e2d0       0x9e ./Core/Devices/NTC/ntc.o
 .debug_macro   0x0001e36e      0x10b ./Core/Devices/NTC/ntc.o
 .debug_macro   0x0001e479       0x16 ./Core/Devices/NTC/ntc.o
 .debug_macro   0x0001e48f      0x19b ./Core/Devices/NTC/ntc.o
 .debug_macro   0x0001e62a      0x2a7 ./Core/LED/status_led.o
 .debug_macro   0x0001e8d1       0x28 ./Core/LED/status_led.o
 .debug_macro   0x0001e8f9      0x2bd ./Core/Src/main.o
 .debug_macro   0x0001ebb6       0x7e ./Core/Src/main.o
 .debug_macro   0x0001ec34      0x289 ./Core/Src/stm32f4xx_it.o
 .debug_macro   0x0001eebd       0xce ./Core/Src/system_stm32f4xx.o
 .debug_macro   0x0001ef8b      0x331 ./Core/Temperature/temperature.o
 .debug_macro   0x0001f2bc      0x195 ./Core/WDog/watchdog.o
 .debug_macro   0x0001f451      0x143 ./Core/WDog/watchdog.o
 .debug_macro   0x0001f594      0x16e ./Drivers/STM32F4xx_HAL_Driver/Src/stm32f4xx_ll_adc.o
 .debug_macro   0x0001f702      0x110 ./Drivers/STM32F4xx_HAL_Driver/Src/stm32f4xx_ll_gpio.o
 .debug_macro   0x0001f812      0x119 ./Drivers/STM32F4xx_HAL_Driver/Src/stm32f4xx_ll_i2c.o
 .debug_macro   0x0001f92b       0xfb ./Drivers/STM32F4xx_HAL_Driver/Src/stm32f4xx_ll_rcc.o
 .debug_macro   0x0001fa26      0x77b ./Drivers/STM32F4xx_HAL_Driver/Src/stm32f4xx_ll_rcc.o
 .debug_macro   0x000201a1      0x17d ./Drivers/STM32F4xx_HAL_Driver/Src/stm32f4xx_ll_spi.o
 .debug_macro   0x0002031e      0x159 ./Drivers/STM32F4xx_HAL_Driver/Src/stm32f4xx_ll_tim.o