../Drivers/STM32F4xx_HAL_Driver/Inc/stm32f4xx_ll_usart.h:1792:26:LL_USART_IsActiveFlag_RXNE	16	static
../Drivers/STM32F4xx_HAL_Driver/Inc/stm32f4xx_ll_usart.h:1814:26:LL_USART_IsActiveFlag_TXE	16	static
../Drivers/STM32F4xx_HAL_Driver/Inc/stm32f4xx_ll_usart.h:2153:22:LL_USART_DisableIT_TXE	40	static,ignoring_inline_asm
../Drivers/STM32F4xx_HAL_Driver/Inc/stm32f4xx_ll_usart.h:2403:25:LL_USART_ReceiveData8	16	static
../Drivers/STM32F4xx_HAL_Driver/Inc/stm32f4xx_ll_gpio.h:881:22:LL_GPIO_SetOutputPin	16	static
../Drivers/STM32F4xx_HAL_Driver/Inc/stm32f4xx_ll_gpio.h:910:22:LL_GPIO_ResetOutputPin	16	static
../Core/CMDLine/command.c:98:6:command_init	24	static
../Core/CMDLine/command.c:120:13:command_task_update	16	static
../Core/CMDLine/command.c:174:5:Cmd_help	24	static
../Core/CMDLine/command.c:195:5:Cmd_tec_pw_on	16	static
../Core/CMDLine/command.c:205:5:Cmd_led_pw_on	16	static
../Core/CMDLine/command.c:215:5:Cmd_heater_pw_on	16	static
../Core/CMDLine/command.c:226:5:Cmd_set_temp	24	static
../Core/CMDLine/command.c:244:5:Cmd_get_temp	24	static
../Core/CMDLine/command.c:264:5:Cmd_get_temp_setpoint	24	static
../Core/CMDLine/command.c:275:5:Cmd_set_tec_vol	32	static
../Core/CMDLine/command.c:295:5:Cmd_get_tec_vol	24	static
../Core/CMDLine/command.c:308:5:Cmd_set_heater_duty	24	static
../Core/CMDLine/command.c:328:5:Cmd_get_heater_duty	24	static
../Core/CMDLine/command.c:341:5:Cmd_temp_ctrl	24	static
../Core/CMDLine/command.c:366:5:Cmd_temp_auto_ctrl	24	static
../Core/CMDLine/command.c:378:5:Cmd_set_ir_duty	16	static
../Core/CMDLine/command.c:382:5:Cmd_get_ir_duty	16	static
../Core/CMDLine/command.c:387:5:Cmd_get_acceleration_gyroscope	16	static
../Core/CMDLine/command.c:391:5:Cmd_get_pressure	16	static
../Core/CMDLine/command.c:396:5:Cmd_get_all	16	static
../Core/CMDLine/command.c:418:5:Cmd_reset	16	static
../Core/CMDLine/command.c:424:5:Cmd_set_en_req	16	static
../Core/CMDLine/command.c:432:5:Cmd_reset_en_req	16	static
../Core/CMDLine/command.c:438:5:Cmd_clear_status_reg	16	static
../Core/CMDLine/command.c:444:5:Cmd_read	24	static
../Core/CMDLine/command.c:475:5:Cmd_on_tec	16	static
../Core/CMDLine/command.c:481:5:Cmd_tec_set_vol	64	static
../Core/CMDLine/command.c:493:5:Cmd_get_status	24	static
../Core/CMDLine/command.c:501:5:Cmd_set_ov_clamp	24	static
../Core/CMDLine/command.c:508:5:Cmd_set_uv_clamp	24	static
../Core/CMDLine/command.c:521:6:command_create_task	8	static
../Core/CMDLine/command.c:526:6:command_send_splash	8	static
../Core/CMDLine/command.c:538:6:CONSOLE_UART_IRQHandler	8	static
