../Drivers/STM32F4xx_HAL_Driver/Inc/stm32f4xx_ll_usart.h:1792:26:LL_USART_IsActiveFlag_RXNE	16	static
../Drivers/STM32F4xx_HAL_Driver/Inc/stm32f4xx_ll_usart.h:1814:26:LL_USART_IsActiveFlag_TXE	16	static
../Drivers/STM32F4xx_HAL_Driver/Inc/stm32f4xx_ll_usart.h:2153:22:LL_USART_DisableIT_TXE	40	static,ignoring_inline_asm
../Drivers/STM32F4xx_HAL_Driver/Inc/stm32f4xx_ll_usart.h:2403:25:LL_USART_ReceiveData8	16	static
../Drivers/STM32F4xx_HAL_Driver/Inc/stm32f4xx_ll_gpio.h:881:22:LL_GPIO_SetOutputPin	16	static
../Drivers/STM32F4xx_HAL_Driver/Inc/stm32f4xx_ll_gpio.h:910:22:LL_GPIO_ResetOutputPin	16	static
../Core/CMDLine/command.c:99:6:command_init	24	static
../Core/CMDLine/command.c:121:13:command_task_update	16	static
../Core/CMDLine/command.c:175:5:Cmd_help	24	static
../Core/CMDLine/command.c:196:5:Cmd_tec_pw_on	16	static
../Core/CMDLine/command.c:206:5:Cmd_led_pw_on	16	static
../Core/CMDLine/command.c:216:5:Cmd_heater_pw_on	16	static
../Core/CMDLine/command.c:227:5:Cmd_set_temp	24	static
../Core/CMDLine/command.c:245:5:Cmd_get_temp	24	static
../Core/CMDLine/command.c:265:5:Cmd_get_temp_setpoint	24	static
../Core/CMDLine/command.c:276:5:Cmd_set_tec_vol	32	static
../Core/CMDLine/command.c:296:5:Cmd_get_tec_vol	24	static
../Core/CMDLine/command.c:309:5:Cmd_set_heater_duty	24	static
../Core/CMDLine/command.c:329:5:Cmd_get_heater_duty	24	static
../Core/CMDLine/command.c:342:5:Cmd_temp_ctrl	24	static
../Core/CMDLine/command.c:367:5:Cmd_temp_auto_ctrl	24	static
../Core/CMDLine/command.c:379:5:Cmd_set_ir_duty	24	static
../Core/CMDLine/command.c:399:5:Cmd_get_ir_duty	24	static
../Core/CMDLine/command.c:413:5:Cmd_get_acceleration_gyroscope	16	static
../Core/CMDLine/command.c:417:5:Cmd_get_pressure	16	static
../Core/CMDLine/command.c:422:5:Cmd_get_all	16	static
../Core/CMDLine/command.c:444:5:Cmd_reset	16	static
../Core/CMDLine/command.c:450:5:Cmd_set_en_req	16	static
../Core/CMDLine/command.c:458:5:Cmd_reset_en_req	16	static
../Core/CMDLine/command.c:464:5:Cmd_clear_status_reg	16	static
../Core/CMDLine/command.c:470:5:Cmd_read	24	static
../Core/CMDLine/command.c:501:5:Cmd_on_tec	16	static
../Core/CMDLine/command.c:507:5:Cmd_tec_set_vol	64	static
../Core/CMDLine/command.c:519:5:Cmd_get_status	24	static
../Core/CMDLine/command.c:527:5:Cmd_set_ov_clamp	24	static
../Core/CMDLine/command.c:534:5:Cmd_set_uv_clamp	24	static
../Core/CMDLine/command.c:547:6:command_create_task	8	static
../Core/CMDLine/command.c:552:6:command_send_splash	8	static
../Core/CMDLine/command.c:564:6:CONSOLE_UART_IRQHandler	8	static
