../Drivers/STM32F4xx_HAL_Driver/Inc/stm32f4xx_ll_usart.h:1792:26:LL_USART_IsActiveFlag_RXNE	16	static
../Drivers/STM32F4xx_HAL_Driver/Inc/stm32f4xx_ll_usart.h:1814:26:LL_USART_IsActiveFlag_TXE	16	static
../Drivers/STM32F4xx_HAL_Driver/Inc/stm32f4xx_ll_usart.h:2153:22:LL_USART_DisableIT_TXE	40	static,ignoring_inline_asm
../Drivers/STM32F4xx_HAL_Driver/Inc/stm32f4xx_ll_usart.h:2403:25:LL_USART_ReceiveData8	16	static
../Drivers/STM32F4xx_HAL_Driver/Inc/stm32f4xx_ll_gpio.h:881:22:LL_GPIO_SetOutputPin	16	static
../Core/CMDLine/command.c:69:6:command_init	24	static
../Core/CMDLine/command.c:95:13:command_task_update	16	static
../Core/CMDLine/command.c:267:5:Cmd_help	24	static
../Core/CMDLine/command.c:286:5:Cmd_on_tec_pw	16	static
../Core/CMDLine/command.c:292:5:Cmd_reset	16	static
../Core/CMDLine/command.c:298:5:Cmd_set_en_req	16	static
../Core/CMDLine/command.c:306:5:Cmd_reset_en_req	16	static
../Core/CMDLine/command.c:312:5:Cmd_clear_status_reg	16	static
../Core/CMDLine/command.c:318:5:Cmd_read	24	static
../Core/CMDLine/command.c:349:5:Cmd_on_tec	16	static
../Core/CMDLine/command.c:355:5:Cmd_get_status	24	static
../Core/CMDLine/command.c:363:5:Cmd_get_all	16	static
../Core/CMDLine/command.c:369:6:command_create_task	8	static
../Core/CMDLine/command.c:374:6:command_send_splash	8	static
../Core/CMDLine/command.c:386:6:CONSOLE_UART_IRQHandler	8	static
