../Drivers/STM32F4xx_HAL_Driver/Inc/stm32f4xx_ll_usart.h:1792:26:LL_USART_IsActiveFlag_RXNE	16	static
../Drivers/STM32F4xx_HAL_Driver/Inc/stm32f4xx_ll_usart.h:1814:26:LL_USART_IsActiveFlag_TXE	16	static
../Drivers/STM32F4xx_HAL_Driver/Inc/stm32f4xx_ll_usart.h:2153:22:LL_USART_DisableIT_TXE	40	static,ignoring_inline_asm
../Drivers/STM32F4xx_HAL_Driver/Inc/stm32f4xx_ll_usart.h:2403:25:LL_USART_ReceiveData8	16	static
../Drivers/STM32F4xx_HAL_Driver/Inc/stm32f4xx_ll_gpio.h:881:22:LL_GPIO_SetOutputPin	16	static
../Core/CMDLine/command.c:72:6:command_init	24	static
../Core/CMDLine/command.c:98:13:command_task_update	16	static
../Core/CMDLine/command.c:270:5:Cmd_help	24	static
../Core/CMDLine/command.c:289:5:Cmd_on_tec_pw	16	static
../Core/CMDLine/command.c:295:5:Cmd_reset	16	static
../Core/CMDLine/command.c:301:5:Cmd_set_en_req	16	static
../Core/CMDLine/command.c:309:5:Cmd_reset_en_req	16	static
../Core/CMDLine/command.c:315:5:Cmd_clear_status_reg	16	static
../Core/CMDLine/command.c:321:5:Cmd_read	24	static
../Core/CMDLine/command.c:352:5:Cmd_on_tec	16	static
../Core/CMDLine/command.c:358:5:Cmd_tec_set_vol	64	static
../Core/CMDLine/command.c:370:5:Cmd_get_status	24	static
../Core/CMDLine/command.c:378:5:Cmd_set_ov_clamp	24	static
../Core/CMDLine/command.c:385:5:Cmd_set_uv_clamp	24	static
../Core/CMDLine/command.c:395:5:Cmd_get_all	24	static
../Core/CMDLine/command.c:403:6:command_create_task	8	static
../Core/CMDLine/command.c:408:6:command_send_splash	8	static
../Core/CMDLine/command.c:420:6:CONSOLE_UART_IRQHandler	8	static
