../Drivers/STM32F4xx_HAL_Driver/Inc/stm32f4xx_ll_spi.h:731:26:LL_SPI_IsActiveFlag_RXNE	16	static
../Drivers/STM32F4xx_HAL_Driver/Inc/stm32f4xx_ll_spi.h:1075:25:LL_SPI_ReceiveData8	16	static
../Drivers/STM32F4xx_HAL_Driver/Inc/stm32f4xx_ll_spi.h:1098:22:LL_SPI_TransmitData8	24	static
../Drivers/STM32F4xx_HAL_Driver/Inc/stm32f4xx_ll_gpio.h:881:22:LL_GPIO_SetOutputPin	16	static
../Drivers/STM32F4xx_HAL_Driver/Inc/stm32f4xx_ll_gpio.h:910:22:LL_GPIO_ResetOutputPin	16	static
../Core/Devices/LT8722/lt8722.c:50:20:csLOW	8	static
../Core/Devices/LT8722/lt8722.c:54:20:csHIGH	8	static
../Core/Devices/LT8722/lt8722.c:58:16:SPI_LL_Transmit	16	static
../Core/Devices/LT8722/lt8722.c:65:9:SPI_write_and_read_buffer	24	static
../Core/Devices/LT8722/lt8722.c:94:9:lt8722_voltage_to_dac	24	static
../Core/Devices/LT8722/lt8722.c:104:9:lt8722_dac_to_voltage	48	static
../Core/Devices/LT8722/lt8722.c:115:8:lt8722_transaction	32	static
../Core/Devices/LT8722/lt8722.c:151:8:lt8722_reg_read	48	static
../Core/Devices/LT8722/lt8722.c:174:8:lt8722_reg_write	48	static
../Core/Devices/LT8722/lt8722.c:194:8:lt8722_reg_write_mask	32	static
../Core/Devices/LT8722/lt8722.c:208:8:lt8722_set_enable_req	16	static
../Core/Devices/LT8722/lt8722.c:218:8:lt8722_set_swen_req	16	static
../Core/Devices/LT8722/lt8722.c:227:8:lt8722_reset	8	static
../Core/Devices/LT8722/lt8722.c:236:8:lt8722_clear_faults	16	static
../Core/Devices/LT8722/lt8722.c:245:8:lt8722_clear_status	8	static
../Core/Devices/LT8722/lt8722.c:255:8:lt8722_get_status	48	static
../Core/Devices/LT8722/lt8722.c:277:8:lt8722_set_dac	24	static
../Core/Devices/LT8722/lt8722.c:287:8:lt8722_get_dac	32	static
../Core/Devices/LT8722/lt8722.c:303:8:lt8722_set_spis_ov_clamp	24	static
../Core/Devices/LT8722/lt8722.c:313:8:lt8722_get_spis_ov_clamp	32	static
../Core/Devices/LT8722/lt8722.c:329:8:lt8722_set_spis_uv_clamp	24	static
../Core/Devices/LT8722/lt8722.c:339:8:lt8722_get_spis_uv_clamp	32	static
../Core/Devices/LT8722/lt8722.c:356:8:lt8722_init	96	static
../Core/Devices/LT8722/lt8722.c:419:8:lt8722_set_output_voltage	56	static
../Core/Devices/LT8722/lt8722.c:437:8:lt8722_set_output_voltage_channel	24	static
../Core/Devices/LT8722/lt8722.c:443:9:Calculate_CRC8	24	static
../Core/Devices/LT8722/lt8722.c:461:6:put_unaligned_be32	16	static
../Core/Devices/LT8722/lt8722.c:468:6:put_unaligned_be16	16	static
../Core/Devices/LT8722/lt8722.c:473:10:get_unaligned_be32	16	static
../Core/Devices/LT8722/lt8722.c:477:10:get_unaligned_be16	16	static
../Core/Devices/LT8722/lt8722.c:481:10:find_first_set_bit	24	static
../Core/Devices/LT8722/lt8722.c:492:10:field_prep	16	static
../Core/Devices/LT8722/lt8722.c:496:10:field_get	24	static
