../Drivers/STM32F4xx_HAL_Driver/Inc/stm32f4xx_ll_i2c.h:371:22:LL_I2C_Enable	16	static
../Drivers/STM32F4xx_HAL_Driver/Inc/stm32f4xx_ll_i2c.h:382:22:LL_I2C_Disable	16	static
../Drivers/STM32F4xx_HAL_Driver/Inc/stm32f4xx_ll_i2c.h:568:22:LL_I2C_EnableClockStretching	16	static
../Drivers/STM32F4xx_HAL_Driver/Inc/stm32f4xx_ll_i2c.h:615:22:LL_I2C_DisableGeneralCall	16	static
../Drivers/STM32F4xx_HAL_Driver/Inc/stm32f4xx_ll_i2c.h:679:22:LL_I2C_DisableOwnAddress2	16	static
../Drivers/STM32F4xx_HAL_Driver/Inc/stm32f4xx_ll_i2c.h:1093:22:LL_I2C_EnableIT_EVT	16	static
../Drivers/STM32F4xx_HAL_Driver/Inc/stm32f4xx_ll_i2c.h:1137:22:LL_I2C_EnableIT_BUF	16	static
../Drivers/STM32F4xx_HAL_Driver/Inc/stm32f4xx_ll_i2c.h:1151:22:LL_I2C_DisableIT_BUF	16	static
../Drivers/STM32F4xx_HAL_Driver/Inc/stm32f4xx_ll_i2c.h:1183:22:LL_I2C_EnableIT_ERR	16	static
../Drivers/STM32F4xx_HAL_Driver/Inc/stm32f4xx_ll_i2c.h:1236:26:LL_I2C_IsActiveFlag_TXE	16	static
../Drivers/STM32F4xx_HAL_Driver/Inc/stm32f4xx_ll_i2c.h:1262:26:LL_I2C_IsActiveFlag_RXNE	16	static
../Drivers/STM32F4xx_HAL_Driver/Inc/stm32f4xx_ll_i2c.h:1288:26:LL_I2C_IsActiveFlag_ADDR	16	static
../Drivers/STM32F4xx_HAL_Driver/Inc/stm32f4xx_ll_i2c.h:1314:26:LL_I2C_IsActiveFlag_AF	16	static
../Drivers/STM32F4xx_HAL_Driver/Inc/stm32f4xx_ll_i2c.h:1327:26:LL_I2C_IsActiveFlag_STOP	16	static
../Drivers/STM32F4xx_HAL_Driver/Inc/stm32f4xx_ll_i2c.h:1340:26:LL_I2C_IsActiveFlag_BERR	16	static
../Drivers/STM32F4xx_HAL_Driver/Inc/stm32f4xx_ll_i2c.h:1353:26:LL_I2C_IsActiveFlag_ARLO	16	static
../Drivers/STM32F4xx_HAL_Driver/Inc/stm32f4xx_ll_i2c.h:1366:26:LL_I2C_IsActiveFlag_OVR	16	static
../Drivers/STM32F4xx_HAL_Driver/Inc/stm32f4xx_ll_i2c.h:1418:26:LL_I2C_IsActiveFlag_BUSY	16	static
../Drivers/STM32F4xx_HAL_Driver/Inc/stm32f4xx_ll_i2c.h:1503:22:LL_I2C_ClearFlag_ADDR	24	static
../Drivers/STM32F4xx_HAL_Driver/Inc/stm32f4xx_ll_i2c.h:1518:22:LL_I2C_ClearFlag_AF	16	static
../Drivers/STM32F4xx_HAL_Driver/Inc/stm32f4xx_ll_i2c.h:1532:22:LL_I2C_ClearFlag_STOP	24	static
../Drivers/STM32F4xx_HAL_Driver/Inc/stm32f4xx_ll_i2c.h:1546:22:LL_I2C_ClearFlag_BERR	16	static
../Drivers/STM32F4xx_HAL_Driver/Inc/stm32f4xx_ll_i2c.h:1557:22:LL_I2C_ClearFlag_ARLO	16	static
../Drivers/STM32F4xx_HAL_Driver/Inc/stm32f4xx_ll_i2c.h:1568:22:LL_I2C_ClearFlag_OVR	16	static
../Drivers/STM32F4xx_HAL_Driver/Inc/stm32f4xx_ll_i2c.h:1735:26:LL_I2C_GetTransferDirection	16	static
../Drivers/STM32F4xx_HAL_Driver/Inc/stm32f4xx_ll_i2c.h:1835:25:LL_I2C_ReceiveData8	16	static
../Drivers/STM32F4xx_HAL_Driver/Inc/stm32f4xx_ll_i2c.h:1847:22:LL_I2C_TransmitData8	16	static
../Drivers/STM32F4xx_HAL_Driver/Inc/stm32f4xx_ll_bus.h:1409:22:LL_APB1_GRP1_ForceReset	16	static
../Drivers/STM32F4xx_HAL_Driver/Inc/stm32f4xx_ll_bus.h:1481:22:LL_APB1_GRP1_ReleaseReset	16	static
../BSP/I2C_Slave/i2c_slave.c:32:6:I2C_ReInit	32	static
../BSP/I2C_Slave/i2c_slave.c:56:6:i2c_slave_check_timeout	8	static
../BSP/I2C_Slave/i2c_slave.c:83:6:i2c_slave_clear	4	static
../BSP/I2C_Slave/i2c_slave.c:91:5:i2c_slave_init	16	static
../BSP/I2C_Slave/i2c_slave.c:102:6:I2C_event_IRQ	40	static
../BSP/I2C_Slave/i2c_slave.c:191:6:I2C_error_IRQ	8	static
